Component: ARM Compiler 5.06 update 4 (build 422) Tool: armlink [4d35d2]

==============================================================================

Section Cross References

    startup_stm32f407xx.o(RESET) refers to startup_stm32f407xx.o(STACK) for __initial_sp
    startup_stm32f407xx.o(RESET) refers to startup_stm32f407xx.o(.text) for Reset_Handler
    startup_stm32f407xx.o(RESET) refers to stm32f4xx_it.o(i.NMI_Handler) for NMI_Handler
    startup_stm32f407xx.o(RESET) refers to stm32f4xx_it.o(i.HardFault_Handler) for HardFault_Handler
    startup_stm32f407xx.o(RESET) refers to stm32f4xx_it.o(i.MemManage_Handler) for MemManage_Handler
    startup_stm32f407xx.o(RESET) refers to stm32f4xx_it.o(i.BusFault_Handler) for BusFault_Handler
    startup_stm32f407xx.o(RESET) refers to stm32f4xx_it.o(i.UsageFault_Handler) for UsageFault_Handler
    startup_stm32f407xx.o(RESET) refers to stm32f4xx_it.o(i.SVC_Handler) for SVC_Handler
    startup_stm32f407xx.o(RESET) refers to stm32f4xx_it.o(i.DebugMon_Handler) for DebugMon_Handler
    startup_stm32f407xx.o(RESET) refers to stm32f4xx_it.o(i.PendSV_Handler) for PendSV_Handler
    startup_stm32f407xx.o(RESET) refers to stm32f4xx_it.o(i.SysTick_Handler) for SysTick_Handler
    startup_stm32f407xx.o(RESET) refers to stm32f4xx_it.o(i.EXTI2_IRQHandler) for EXTI2_IRQHandler
    startup_stm32f407xx.o(RESET) refers to stm32f4xx_it.o(i.DMA1_Stream5_IRQHandler) for DMA1_Stream5_IRQHandler
    startup_stm32f407xx.o(RESET) refers to stm32f4xx_it.o(i.DMA1_Stream6_IRQHandler) for DMA1_Stream6_IRQHandler
    startup_stm32f407xx.o(RESET) refers to stm32f4xx_it.o(i.TIM4_IRQHandler) for TIM4_IRQHandler
    startup_stm32f407xx.o(RESET) refers to stm32f4xx_it.o(i.USART2_IRQHandler) for USART2_IRQHandler
    startup_stm32f407xx.o(RESET) refers to stm32f4xx_it.o(i.USART3_IRQHandler) for USART3_IRQHandler
    startup_stm32f407xx.o(RESET) refers to stm32f4xx_it.o(i.TIM5_IRQHandler) for TIM5_IRQHandler
    startup_stm32f407xx.o(RESET) refers to stm32f4xx_it.o(i.UART4_IRQHandler) for UART4_IRQHandler
    startup_stm32f407xx.o(RESET) refers to stm32f4xx_it.o(i.TIM7_IRQHandler) for TIM7_IRQHandler
    startup_stm32f407xx.o(RESET) refers to stm32f4xx_it.o(i.DMA2_Stream0_IRQHandler) for DMA2_Stream0_IRQHandler
    startup_stm32f407xx.o(RESET) refers to stm32f4xx_it.o(i.DMA2_Stream2_IRQHandler) for DMA2_Stream2_IRQHandler
    startup_stm32f407xx.o(RESET) refers to stm32f4xx_it.o(i.DMA2_Stream6_IRQHandler) for DMA2_Stream6_IRQHandler
    startup_stm32f407xx.o(RESET) refers to stm32f4xx_it.o(i.USART6_IRQHandler) for USART6_IRQHandler
    startup_stm32f407xx.o(.text) refers to system_stm32f4xx.o(i.SystemInit) for SystemInit
    startup_stm32f407xx.o(.text) refers to entry.o(.ARM.Collect$$$$00000000) for __main
    dht12.o(i.DHT12_I2C_GPIO_init) refers to stm32f4xx_hal_gpio.o(i.HAL_GPIO_Init) for HAL_GPIO_Init
    dht12.o(i.DHT12_I2C_GPIO_init) refers to stm32f4xx_hal_gpio.o(i.HAL_GPIO_WritePin) for HAL_GPIO_WritePin
    dht12.o(i.DHT12_I2C_GPIO_init) refers to dht12.o(i.I2C2_Stop) for I2C2_Stop
    dht12.o(i.DHT12_Read_Data) refers to dht12.o(i.I2C2_Start) for I2C2_Start
    dht12.o(i.DHT12_Read_Data) refers to dht12.o(i.I2C2_Send_Byte) for I2C2_Send_Byte
    dht12.o(i.DHT12_Read_Data) refers to dht12.o(i.I2C2_WaitAck) for I2C2_WaitAck
    dht12.o(i.DHT12_Read_Data) refers to dht12.o(i.I2C2_Read_Byte) for I2C2_Read_Byte
    dht12.o(i.DHT12_Read_Data) refers to dht12.o(i.I2C2_Stop) for I2C2_Stop
    dht12.o(i.DHT12_Read_Data) refers to printf3.o(i.__0printf$3) for __2printf
    dht12.o(i.I2C2_Ack) refers to stm32f4xx_hal_gpio.o(i.HAL_GPIO_WritePin) for HAL_GPIO_WritePin
    dht12.o(i.I2C2_Ack) refers to dht12.o(i.I2C2_SDA_Out) for I2C2_SDA_Out
    dht12.o(i.I2C2_Ack) refers to dht12.o(i.I2C2_Delay_us) for I2C2_Delay_us
    dht12.o(i.I2C2_Delay_us) refers to common.o(i.Delay_us) for Delay_us
    dht12.o(i.I2C2_NoAck) refers to stm32f4xx_hal_gpio.o(i.HAL_GPIO_WritePin) for HAL_GPIO_WritePin
    dht12.o(i.I2C2_NoAck) refers to dht12.o(i.I2C2_SDA_Out) for I2C2_SDA_Out
    dht12.o(i.I2C2_NoAck) refers to dht12.o(i.I2C2_Delay_us) for I2C2_Delay_us
    dht12.o(i.I2C2_Read_Byte) refers to stm32f4xx_hal_gpio.o(i.HAL_GPIO_WritePin) for HAL_GPIO_WritePin
    dht12.o(i.I2C2_Read_Byte) refers to dht12.o(i.I2C2_SDA_In) for I2C2_SDA_In
    dht12.o(i.I2C2_Read_Byte) refers to dht12.o(i.I2C2_Delay_us) for I2C2_Delay_us
    dht12.o(i.I2C2_Read_Byte) refers to stm32f4xx_hal_gpio.o(i.HAL_GPIO_ReadPin) for HAL_GPIO_ReadPin
    dht12.o(i.I2C2_Read_Byte) refers to dht12.o(i.I2C2_NoAck) for I2C2_NoAck
    dht12.o(i.I2C2_Read_Byte) refers to dht12.o(i.I2C2_Ack) for I2C2_Ack
    dht12.o(i.I2C2_Send_Byte) refers to dht12.o(i.I2C2_SDA_Out) for I2C2_SDA_Out
    dht12.o(i.I2C2_Send_Byte) refers to stm32f4xx_hal_gpio.o(i.HAL_GPIO_WritePin) for HAL_GPIO_WritePin
    dht12.o(i.I2C2_Send_Byte) refers to dht12.o(i.I2C2_Delay_us) for I2C2_Delay_us
    dht12.o(i.I2C2_Start) refers to dht12.o(i.I2C2_SDA_Out) for I2C2_SDA_Out
[...]
    i.flush_Buffer                           0x08006db4   Section        0  usart.o(i.flush_Buffer)
    i.fputc                                  0x08006dc8   Section        0  usart.o(i.fputc)
    i.gui_draw_a_16_Ascii                    0x08006de4   Section        0  gui.o(i.gui_draw_a_16_Ascii)
    i.gui_draw_a_16_str                      0x08006e14   Section        0  gui.o(i.gui_draw_a_16_str)
    i.gui_draw_a_Ascii                       0x08006e58   Section        0  gui.o(i.gui_draw_a_Ascii)
    i.gui_draw_a_icon_str                    0x08006e88   Section        0  gui.o(i.gui_draw_a_icon_str)
    i.gui_draw_a_str                         0x08006ee4   Section        0  gui.o(i.gui_draw_a_str)
    i.gui_draw_a_title_str                   0x08006f28   Section        0  gui.o(i.gui_draw_a_title_str)
    i.is_touch_area                          0x08006f74   Section        0  touch.o(i.is_touch_area)
    i.main                                   0x08006fbc   Section        0  main.o(i.main)
    i.pm25_avg                               0x08007624   Section        0  sensor.o(i.pm25_avg)
    i.read_Wifi_Config                       0x080076ac   Section        0  config.o(i.read_Wifi_Config)
    i.rgb8882565                             0x080076cc   Section        0  gui.o(i.rgb8882565)
    i.sensor_data_proc                       0x080076f4   Section        0  sensor.o(i.sensor_data_proc)
    i.sensor_init                            0x080077a8   Section        0  sensor.o(i.sensor_init)
    i.tftDisp_AllDataTime                    0x080077c8   Section        0  tftdisp.o(i.tftDisp_AllDataTime)
    i.tftDisp_Main                           0x080078f8   Section        0  tftdisp.o(i.tftDisp_Main)
    i.tftDisp_SensorData                     0x08007be0   Section        0  tftdisp.o(i.tftDisp_SensorData)
    i.tftDisp_about                          0x08007edc   Section        0  tftdisp.o(i.tftDisp_about)
    i.tftDisp_alarm                          0x08008000   Section        0  tftdisp.o(i.tftDisp_alarm)
    i.tftDisp_btn_init                       0x080080a0   Section        0  tftdisp.o(i.tftDisp_btn_init)
    i.tftDisp_demo                           0x080080d8   Section        0  tftdisp.o(i.tftDisp_demo)
    i.tftDisp_fresh                          0x08008124   Section        0  tftdisp.o(i.tftDisp_fresh)
    i.tftDisp_menu_l                         0x08008250   Section        0  tftdisp.o(i.tftDisp_menu_l)
    i.tftDisp_mess                           0x0800830c   Section        0  tftdisp.o(i.tftDisp_mess)
    i.tftDisp_welcome                        0x08008374   Section        0  tftdisp.o(i.tftDisp_welcome)
    i.tftDisp_wifi_flag                      0x0800841c   Section        0  tftdisp.o(i.tftDisp_wifi_flag)
    i.window_ctl                             0x0800848c   Section        0  window.o(i.window_ctl)
    i.write_Wifi_Config                      0x080085ca   Section        0  config.o(i.write_Wifi_Config)
    .constdata                               0x080085ea   Section       10  nrf24l0.o(.constdata)
    .constdata                               0x080085f4   Section    46184  pic_buffer.o(.constdata)
    .constdata                               0x08013a5c   Section        8  stm32f4xx_hal_dma.o(.constdata)
    flagBitshiftOffset                       0x08013a5c   Data           8  stm32f4xx_hal_dma.o(.constdata)
    .constdata                               0x08013a64   Section       24  system_stm32f4xx.o(.constdata)
    .data                                    0x20000000   Section      108  pic_buffer.o(.data)
    .data                                    0x2000006c   Section        1  sensor.o(.data)
    pwr_on_count                             0x2000006c   Data           1  sensor.o(.data)
    .data                                    0x20000070   Section        4  stm32f4xx_hal.o(.data)
    .data                                    0x20000074   Section        4  system_stm32f4xx.o(.data)
    .data                                    0x20000078   Section        5  usart.o(.data)
    .data                                    0x2000007d   Section        5  tim.o(.data)
    touchcount                               0x2000007d   Data           1  tim.o(.data)
    adccount                                 0x2000007e   Data           1  tim.o(.data)
    s1_count                                 0x2000007f   Data           1  tim.o(.data)
    ms100_count                              0x20000080   Data           1  tim.o(.data)
    ms1_count                                0x20000081   Data           1  tim.o(.data)
    .data                                    0x20000084   Section        8  crc.o(.data)
    .data                                    0x2000008c   Section        4  rtc.o(.data)
    .data                                    0x20000090   Section        8  fsmc.o(.data)
    FSMC_Initialized                         0x20000090   Data           4  fsmc.o(.data)
    FSMC_DeInitialized                       0x20000094   Data           4  fsmc.o(.data)
    .data                                    0x20000098   Section       14  main.o(.data)
    .data                                    0x200000a8   Section        4  stdout.o(.data)
    .bss                                     0x200000ac   Section       12  touch.o(.bss)
    ctplast                                  0x200000ac   Data          12  touch.o(.bss)
    .bss                                     0x200000b8   Section     4096  w25q64.o(.bss)
    SPI1_FLASH_BUF                           0x200000b8   Data        4096  w25q64.o(.bss)
    .bss                                     0x200010b8   Section      168  adc.o(.bss)
    .bss                                     0x20001160   Section      640  usart.o(.bss)
    .bss                                     0x200013e0   Section      180  tim.o(.bss)
    .bss                                     0x20001494   Section       52  rtc.o(.bss)
    .bss                                     0x200014c8   Section      176  spi.o(.bss)
    .bss                                     0x20001578   Section       12  iwdg.o(.bss)
    .bss                                     0x20001584   Section       80  fsmc.o(.bss)
    .bss                                     0x200015d4   Section      770  main.o(.bss)
    STACK                                    0x200018d8   Section     1024  startup_stm32f407xx.o(STACK)

    Global Symbols

    Symbol Name                              Value     Ov Type        Size  Object(Section)

    BuildAttributes$$THM_ISAv4$E$P$D$K$B$S$7EM$VFPi3$EXTD16$VFPS$VFMA$PE$A:L22UL41UL21$X:L11$S22US41US21$IEEE1$IW$USESV6$~STKCKD$USESV7$~SHL$OSPACE$ROPI$EBA8$MICROLIB$REQ8$PRES8$EABIv2 0x00000000   Number         0  anon$$obj.o ABSOLUTE
    __ARM_use_no_argv                        0x00000000   Number         0  main.o ABSOLUTE
    _printf_a                                0x00000000   Number         0  stubs.o ABSOLUTE
    _printf_c                                0x00000000   Number         0  stubs.o ABSOLUTE
    _printf_charcount                        0x00000000   Number         0  stubs.o ABSOLUTE
    _printf_d                                0x00000000   Number         0  stubs.o ABSOLUTE
    _printf_e                                0x00000000   Number         0  stubs.o ABSOLUTE
    _printf_f                                0x00000000   Number         0  stubs.o ABSOLUTE
    _printf_flags                            0x00000000   Number         0  stubs.o ABSOLUTE
    _printf_fp_dec                           0x00000000   Number         0  stubs.o ABSOLUTE
    _printf_fp_hex                           0x00000000   Number         0  stubs.o ABSOLUTE
    _printf_g                                0x00000000   Number         0  stubs.o ABSOLUTE
    _printf_i                                0x00000000   Number         0  stubs.o ABSOLUTE
    _printf_int_dec                          0x00000000   Number         0  stubs.o ABSOLUTE
    _printf_l                                0x00000000   Number         0  stubs.o ABSOLUTE
    _printf_lc                               0x00000000   Number         0  stubs.o ABSOLUTE
    _printf_ll                               0x00000000   Number         0  stubs.o ABSOLUTE
    _printf_lld                              0x00000000   Number         0  stubs.o ABSOLUTE
    _printf_lli                              0x00000000   Number         0  stubs.o ABSOLUTE
    _printf_llo                              0x00000000   Number         0  stubs.o ABSOLUTE
    _printf_llu                              0x00000000   Number         0  stubs.o ABSOLUTE
    _printf_llx                              0x00000000   Number         0  stubs.o ABSOLUTE
    _printf_longlong_dec                     0x00000000   Number         0  stubs.o ABSOLUTE
    _printf_longlong_hex                     0x00000000   Number         0  stubs.o ABSOLUTE
    _printf_longlong_oct                     0x00000000   Number         0  stubs.o ABSOLUTE
    _printf_ls                               0x00000000   Number         0  stubs.o ABSOLUTE
    _printf_mbtowc                           0x00000000   Number         0  stubs.o ABSOLUTE
    _printf_n                                0x00000000   Number         0  stubs.o ABSOLUTE
    _printf_o                                0x00000000   Number         0  stubs.o ABSOLUTE
    _printf_p                                0x00000000   Number         0  stubs.o ABSOLUTE
    _printf_percent                          0x00000000   Number         0  stubs.o ABSOLUTE
    _printf_pre_padding                      0x00000000   Number         0  stubs.o ABSOLUTE
    _printf_return_value                     0x00000000   Number         0  stubs.o ABSOLUTE
    _printf_s                                0x00000000   Number         0  stubs.o ABSOLUTE
    _printf_sizespec                         0x00000000   Number         0  stubs.o ABSOLUTE
    _printf_str                              0x00000000   Number         0  stubs.o ABSOLUTE
    _printf_truncate_signed                  0x00000000   Number         0  stubs.o ABSOLUTE
    _printf_truncate_unsigned                0x00000000   Number         0  stubs.o ABSOLUTE
    _printf_u                                0x00000000   Number         0  stubs.o ABSOLUTE
    _printf_wc                               0x00000000   Number         0  stubs.o ABSOLUTE
    _printf_wctomb                           0x00000000   Number         0  stubs.o ABSOLUTE
    _printf_widthprec                        0x00000000   Number         0  stubs.o ABSOLUTE
    _printf_x                                0x00000000   Number         0  stubs.o ABSOLUTE
    __cpp_initialize__aeabi_                  - Undefined Weak Reference
    __cxa_finalize                            - Undefined Weak Reference
    __decompress                              - Undefined Weak Reference
    _clock_init                               - Undefined Weak Reference
    _microlib_exit                            - Undefined Weak Reference
    __Vectors_Size                           0x00000188   Number         0  startup_stm32f407xx.o ABSOLUTE
    __Vectors                                0x08000000   Data           4  startup_stm32f407xx.o(RESET)
    __Vectors_End                            0x08000188   Data           0  startup_stm32f407xx.o(RESET)
    __main                                   0x08000189   Thumb Code     0  entry.o(.ARM.Collect$$$$00000000)
    _main_stk                                0x08000189   Thumb Code     0  entry2.o(.ARM.Collect$$$$00000001)
    _main_scatterload                        0x0800018d   Thumb Code     0  entry5.o(.ARM.Collect$$$$00000004)
    __main_after_scatterload                 0x08000191   Thumb Code     0  entry5.o(.ARM.Collect$$$$00000004)
    _main_clock                              0x08000191   Thumb Code     0  entry7b.o(.ARM.Collect$$$$00000008)
    _main_cpp_init                           0x08000191   Thumb Code     0  entry8b.o(.ARM.Collect$$$$0000000A)
    _main_init                               0x08000191   Thumb Code     0  entry9a.o(.ARM.Collect$$$$0000000B)
    __rt_final_cpp                           0x08000199   Thumb Code     0  entry10a.o(.ARM.Collect$$$$0000000D)
    __rt_final_exit                          0x08000199   Thumb Code     0  entry11a.o(.ARM.Collect$$$$0000000F)
    Reset_Handler                            0x0800019d   Thumb Code     8  startup_stm32f407xx.o(.text)
    ADC_IRQHandler                           0x080001b7   Thumb Code     0  startup_stm32f407xx.o(.text)
    CAN1_RX0_IRQHandler                      0x080001b7   Thumb Code     0  startup_stm32f407xx.o(.text)
    CAN1_RX1_IRQHandler                      0x080001b7   Thumb Code     0  startup_stm32f407xx.o(.text)
    CAN1_SCE_IRQHandler                      0x080001b7   Thumb Code     0  startup_stm32f407xx.o(.text)
    CAN1_TX_IRQHandler                       0x080001b7   Thumb Code     0  startup_stm32f407xx.o(.text)
    CAN2_RX0_IRQHandler                      0x080001b7   Thumb Code     0  startup_stm32f407xx.o(.text)
    CAN2_RX1_IRQHandler                      0x080001b7   Thumb Code     0  startup_stm32f407xx.o(.text)
    CAN2_SCE_IRQHandler                      0x080001b7   Thumb Code     0  startup_stm32f407xx.o(.text)
    CAN2_TX_IRQHandler                       0x080001b7   Thumb Code     0  startup_stm32f407xx.o(.text)
    DCMI_IRQHandler                          0x080001b7   Thumb Code     0  startup_stm32f407xx.o(.text)
    DMA1_Stream0_IRQHandler                  0x080001b7   Thumb Code     0  startup_stm32f407xx.o(.text)
    DMA1_Stream1_IRQHandler                  0x080001b7   Thumb Code     0  startup_stm32f407xx.o(.text)
    DMA1_Stream2_IRQHandler                  0x080001b7   Thumb Code     0  startup_stm32f407xx.o(.text)
    DMA1_Stream3_IRQHandler                  0x080001b7   Thumb Code     0  startup_stm32f407xx.o(.text)
    DMA1_Stream4_IRQHandler                  0x080001b7   Thumb Code     0  startup_stm32f407xx.o(.text)
    DMA1_Stream7_IRQHandler                  0x080001b7   Thumb Code     0  startup_stm32f407xx.o(.text)
    DMA2_Stream1_IRQHandler                  0x080001b7   Thumb Code     0  startup_stm32f407xx.o(.text)
    DMA2_Stream3_IRQHandler                  0x080001b7   Thumb Code     0  startup_stm32f407xx.o(.text)
    DMA2_Stream4_IRQHandler                  0x080001b7   Thumb Code     0  startup_stm32f407xx.o(.text)
    DMA2_Stream5_IRQHandler                  0x080001b7   Thumb Code     0  startup_stm32f407xx.o(.text)
    DMA2_Stream7_IRQHandler                  0x080001b7   Thumb Code     0  startup_stm32f407xx.o(.text)
    ETH_IRQHandler                           0x080001b7   Thumb Code     0  startup_stm32f407xx.o(.text)
    ETH_WKUP_IRQHandler                      0x080001b7   Thumb Code     0  startup_stm32f407xx.o(.text)
    EXTI0_IRQHandler                         0x080001b7   Thumb Code     0  startup_stm32f407xx.o(.text)
    EXTI15_10_IRQHandler                     0x080001b7   Thumb Code     0  startup_stm32f407xx.o(.text)
    EXTI1_IRQHandler                         0x080001b7   Thumb Code     0  startup_stm32f407xx.o(.text)
    EXTI3_IRQHandler                         0x080001b7   Thumb Code     0  startup_stm32f407xx.o(.text)
    EXTI4_IRQHandler                         0x080001b7   Thumb Code     0  startup_stm32f407xx.o(.text)
    EXTI9_5_IRQHandler                       0x080001b7   Thumb Code     0  startup_stm32f407xx.o(.text)
    FLASH_IRQHandler                         0x080001b7   Thumb Code     0  startup_stm32f407xx.o(.text)
    FMC_IRQHandler                           0x080001b7   Thumb Code     0  startup_stm32f407xx.o(.text)
    FPU_IRQHandler                           0x080001b7   Thumb Code     0  startup_stm32f407xx.o(.text)
    HASH_RNG_IRQHandler                      0x080001b7   Thumb Code     0  startup_stm32f407xx.o(.text)
    I2C1_ER_IRQHandler                       0x080001b7   Thumb Code     0  startup_stm32f407xx.o(.text)
    I2C1_EV_IRQHandler                       0x080001b7   Thumb Code     0  startup_stm32f407xx.o(.text)
    I2C2_ER_IRQHandler                       0x080001b7   Thumb Code     0  startup_stm32f407xx.o(.text)
    I2C2_EV_IRQHandler                       0x080001b7   Thumb Code     0  startup_stm32f407xx.o(.text)
    I2C3_ER_IRQHandler                       0x080001b7   Thumb Code     0  startup_stm32f407xx.o(.text)
    I2C3_EV_IRQHandler                       0x080001b7   Thumb Code     0  startup_stm32f407xx.o(.text)
    OTG_FS_IRQHandler                        0x080001b7   Thumb Code     0  startup_stm32f407xx.o(.text)
    OTG_FS_WKUP_IRQHandler                   0x080001b7   Thumb Code     0  startup_stm32f407xx.o(.text)
    OTG_HS_EP1_IN_IRQHandler                 0x080001b7   Thumb Code     0  startup_stm32f407xx.o(.text)
    OTG_HS_EP1_OUT_IRQHandler                0x080001b7   Thumb Code     0  startup_stm32f407xx.o(.text)
    OTG_HS_IRQHandler                        0x080001b7   Thumb Code     0  startup_stm32f407xx.o(.text)
    OTG_HS_WKUP_IRQHandler                   0x080001b7   Thumb Code     0  startup_stm32f407xx.o(.text)
    PVD_IRQHandler                           0x080001b7   Thumb Code     0  startup_stm32f407xx.o(.text)
    RCC_IRQHandler                           0x080001b7   Thumb Code     0  startup_stm32f407xx.o(.text)
    RTC_Alarm_IRQHandler                     0x080001b7   Thumb Code     0  startup_stm32f407xx.o(.text)
    RTC_WKUP_IRQHandler                      0x080001b7   Thumb Code     0  startup_stm32f407xx.o(.text)
    SDIO_IRQHandler                          0x080001b7   Thumb Code     0  startup_stm32f407xx.o(.text)
    SPI1_IRQHandler                          0x080001b7   Thumb Code     0  startup_stm32f407xx.o(.text)
    SPI2_IRQHandler                          0x080001b7   Thumb Code     0  startup_stm32f407xx.o(.text)
    SPI3_IRQHandler                          0x080001b7   Thumb Code     0  startup_stm32f407xx.o(.text)
    TAMP_STAMP_IRQHandler                    0x080001b7   Thumb Code     0  startup_stm32f407xx.o(.text)
    TIM1_BRK_TIM9_IRQHandler                 0x080001b7   Thumb Code     0  startup_stm32f407xx.o(.text)
    TIM1_CC_IRQHandler                       0x080001b7   Thumb Code     0  startup_stm32f407xx.o(.text)
    TIM1_TRG_COM_TIM11_IRQHandler            0x080001b7   Thumb Code     0  startup_stm32f407xx.o(.text)
    TIM1_UP_TIM10_IRQHandler                 0x080001b7   Thumb Code     0  startup_stm32f407xx.o(.text)
    TIM2_IRQHandler                          0x080001b7   Thumb Code     0  startup_stm32f407xx.o(.text)
    TIM3_IRQHandler                          0x080001b7   Thumb Code     0  startup_stm32f407xx.o(.text)
    TIM6_DAC_IRQHandler                      0x080001b7   Thumb Code     0  startup_stm32f407xx.o(.text)
    TIM8_BRK_TIM12_IRQHandler                0x080001b7   Thumb Code     0  startup_stm32f407xx.o(.text)
    TIM8_CC_IRQHandler                       0x080001b7   Thumb Code     0  startup_stm32f407xx.o(.text)
    TIM8_TRG_COM_TIM14_IRQHandler            0x080001b7   Thumb Code     0  startup_stm32f407xx.o(.text)
    TIM8_UP_TIM13_IRQHandler                 0x080001b7   Thumb Code     0  startup_stm32f407xx.o(.text)
    UART5_IRQHandler                         0x080001b7   Thumb Code     0  startup_stm32f407xx.o(.text)
    USART1_IRQHandler                        0x080001b7   Thumb Code     0  startup_stm32f407xx.o(.text)
    WWDG_IRQHandler                          0x080001b7   Thumb Code     0  startup_stm32f407xx.o(.text)
    __aeabi_uldivmod                         0x080001c1   Thumb Code    98  uldiv.o(.text)
    __aeabi_memcpy                           0x08000223   Thumb Code    36  memcpya.o(.text)
    __aeabi_memcpy4                          0x08000223   Thumb Code     0  memcpya.o(.text)
    __aeabi_memcpy8                          0x08000223   Thumb Code     0  memcpya.o(.text)
    __aeabi_memset                           0x08000247   Thumb Code    14  memseta.o(.text)
    __aeabi_memset4                          0x08000247   Thumb Code     0  memseta.o(.text)
    __aeabi_memset8                          0x08000247   Thumb Code     0  memseta.o(.text)
    __aeabi_memclr                           0x08000255   Thumb Code     4  memseta.o(.text)
    __aeabi_memclr4                          0x08000255   Thumb Code     0  memseta.o(.text)
    __aeabi_memclr8                          0x08000255   Thumb Code     0  memseta.o(.text)
    _memset$wrapper                          0x08000259   Thumb Code    18  memseta.o(.text)
    strstr                                   0x0800026b   Thumb Code    36  strstr.o(.text)
    strchr                                   0x0800028f   Thumb Code    20  strchr.o(.text)
    strlen                                   0x080002a3   Thumb Code    14  strlen.o(.text)
    strcpy                                   0x080002b1   Thumb Code    18  strcpy.o(.text)
    __aeabi_uidiv                            0x080002c3   Thumb Code     0  uidiv.o(.text)
    __aeabi_uidivmod                         0x080002c3   Thumb Code    44  uidiv.o(.text)
    __aeabi_llsl                             0x080002ef   Thumb Code    30  llshl.o(.text)
    _ll_shift_l                              0x080002ef   Thumb Code     0  llshl.o(.text)
    __aeabi_llsr                             0x0800030d   Thumb Code    32  llushr.o(.text)
    _ll_ushift_r                             0x0800030d   Thumb Code     0  llushr.o(.text)
    __scatterload                            0x0800032d   Thumb Code    28  init.o(.text)
    __scatterload_rt2                        0x0800032d   Thumb Code     0  init.o(.text)
    BusFault_Handler                         0x080004ad   Thumb Code     4  stm32f4xx_it.o(i.BusFault_Handler)
    DHT12_I2C_GPIO_init                      0x080004b1   Thumb Code   118  dht12.o(i.DHT12_I2C_GPIO_init)
    DHT12_Read_Data                          0x08000531   Thumb Code   248  dht12.o(i.DHT12_Read_Data)
    DMA1_Stream5_IRQHandler                  0x08000631   Thumb Code    10  stm32f4xx_it.o(i.DMA1_Stream5_IRQHandler)
    DMA1_Stream6_IRQHandler                  0x08000641   Thumb Code    10  stm32f4xx_it.o(i.DMA1_Stream6_IRQHandler)
    DMA2_Stream0_IRQHandler                  0x08000651   Thumb Code    10  stm32f4xx_it.o(i.DMA2_Stream0_IRQHandler)
    DMA2_Stream2_IRQHandler                  0x08000661   Thumb Code    10  stm32f4xx_it.o(i.DMA2_Stream2_IRQHandler)
    DMA2_Stream6_IRQHandler                  0x08000671   Thumb Code    10  stm32f4xx_it.o(i.DMA2_Stream6_IRQHandler)
    DebugMon_Handler                         0x0800075f   Thumb Code     2  stm32f4xx_it.o(i.DebugMon_Handler)
    Delay_ms                                 0x08000761   Thumb Code    24  common.o(i.Delay_ms)
    Delay_us                                 0x08000779   Thumb Code    68  common.o(i.Delay_us)
    ESP8266_Get_UserConf                     0x080007bd   Thumb Code   260  esp8266.o(i.ESP8266_Get_UserConf)
    ESP8266_NetConfig                        0x08000979   Thumb Code    96  esp8266.o(i.ESP8266_NetConfig)
    ESP8266_SaveTrans                        0x08000a01   Thumb Code   108  esp8266.o(i.ESP8266_SaveTrans)
    ESP8266_Send                             0x08000a9d   Thumb Code   228  esp8266.o(i.ESP8266_Send)
    ESP8266_Soft_Reset                       0x08000b81   Thumb Code    18  esp8266.o(i.ESP8266_Soft_Reset)
    ESP8266_StopTrans                        0x08000ba1   Thumb Code    98  esp8266.o(i.ESP8266_StopTrans)
    ESP8266_change_mode                      0x08000c2d   Thumb Code   100  esp8266.o(i.ESP8266_change_mode)
    ESP8266_init                             0x08000cb1   Thumb Code    16  esp8266.o(i.ESP8266_init)
    ESP8266_pre_config                       0x08000cc5   Thumb Code    92  esp8266.o(i.ESP8266_pre_config)
    ESP8266_read_mess                        0x08000da1   Thumb Code    78  esp8266.o(i.ESP8266_read_mess)
    EXTI2_IRQHandler                         0x08000e01   Thumb Code    10  stm32f4xx_it.o(i.EXTI2_IRQHandler)
    FSMC_NORSRAM_Extended_Timing_Init        0x08000e0d   Thumb Code    66  stm32f4xx_ll_fsmc.o(i.FSMC_NORSRAM_Extended_Timing_Init)
    FSMC_NORSRAM_Init                        0x08000e55   Thumb Code    88  stm32f4xx_ll_fsmc.o(i.FSMC_NORSRAM_Init)
    FSMC_NORSRAM_Timing_Init                 0x08000eb1   Thumb Code    68  stm32f4xx_ll_fsmc.o(i.FSMC_NORSRAM_Timing_Init)
    FT6206_Read_Reg                          0x08000ef5   Thumb Code    94  touch.o(i.FT6206_Read_Reg)
    FT6336_I2C_GPIO_init                     0x08000f55   Thumb Code    88  touch.o(i.FT6336_I2C_GPIO_init)
    Get_HextoASC_Disp                        0x08000fb5   Thumb Code    64  tftdisp.o(i.Get_HextoASC_Disp)
    Gui_Draw_A_Icon                          0x08000ff5   Thumb Code   142  gui.o(i.Gui_Draw_A_Icon)
    Gui_Draw_Asc24_Hzk24                     0x08001089   Thumb Code    36  gui.o(i.Gui_Draw_Asc24_Hzk24)
    Gui_Draw_Line                            0x080010ad   Thumb Code   190  gui.o(i.Gui_Draw_Line)
    Gui_Draw_My_Num                          0x0800116d   Thumb Code   266  gui.o(i.Gui_Draw_My_Num)
    Gui_Draw_Rect                            0x0800127d   Thumb Code    74  gui.o(i.Gui_Draw_Rect)
    Gui_Draw_aPixel                          0x080012c9   Thumb Code    22  gui.o(i.Gui_Draw_aPixel)
    HAL_ADC_ConfigChannel                    0x080012e5   Thumb Code   380  stm32f4xx_hal_adc.o(i.HAL_ADC_ConfigChannel)
    HAL_ADC_GetValue                         0x08001471   Thumb Code     8  stm32f4xx_hal_adc.o(i.HAL_ADC_GetValue)
    HAL_ADC_Init                             0x08001479   Thumb Code   100  stm32f4xx_hal_adc.o(i.HAL_ADC_Init)
    HAL_ADC_MspInit                          0x080014e1   Thumb Code   148  adc.o(i.HAL_ADC_MspInit)
    HAL_ADC_Start                            0x08001599   Thumb Code   238  stm32f4xx_hal_adc.o(i.HAL_ADC_Start)
    HAL_CRC_Init                             0x08001699   Thumb Code    36  stm32f4xx_hal_crc.o(i.HAL_CRC_Init)
    HAL_CRC_MspInit                          0x080016bd   Thumb Code    44  crc.o(i.HAL_CRC_MspInit)
    HAL_DMA_Abort_IT                         0x080016f1   Thumb Code    40  stm32f4xx_hal_dma.o(i.HAL_DMA_Abort_IT)
    HAL_DMA_IRQHandler                       0x08001719   Thumb Code   570  stm32f4xx_hal_dma.o(i.HAL_DMA_IRQHandler)
    HAL_DMA_Init                             0x08001959   Thumb Code   232  stm32f4xx_hal_dma.o(i.HAL_DMA_Init)
    HAL_GPIO_EXTI_Callback                   0x08001ac9   Thumb Code    88  nrf24l0.o(i.HAL_GPIO_EXTI_Callback)
    HAL_GPIO_EXTI_IRQHandler                 0x08001b65   Thumb Code    24  stm32f4xx_hal_gpio.o(i.HAL_GPIO_EXTI_IRQHandler)
    HAL_GPIO_Init                            0x08001b81   Thumb Code   466  stm32f4xx_hal_gpio.o(i.HAL_GPIO_Init)
    HAL_GPIO_ReadPin                         0x08001d81   Thumb Code    16  stm32f4xx_hal_gpio.o(i.HAL_GPIO_ReadPin)
    HAL_GPIO_TogglePin                       0x08001d91   Thumb Code     8  stm32f4xx_hal_gpio.o(i.HAL_GPIO_TogglePin)
    HAL_GPIO_WritePin                        0x08001d99   Thumb Code    12  stm32f4xx_hal_gpio.o(i.HAL_GPIO_WritePin)
    HAL_GetTick                              0x08001da5   Thumb Code     6  stm32f4xx_hal.o(i.HAL_GetTick)
    HAL_IWDG_Refresh                         0x08001db1   Thumb Code    14  stm32f4xx_hal_iwdg.o(i.HAL_IWDG_Refresh)
    HAL_IncTick                              0x08001dc1   Thumb Code    12  stm32f4xx_hal.o(i.HAL_IncTick)
    HAL_Init                                 0x08001dd1   Thumb Code    54  stm32f4xx_hal.o(i.HAL_Init)
    HAL_InitTick                             0x08001e0d   Thumb Code    36  stm32f4xx_hal.o(i.HAL_InitTick)
    HAL_MspInit                              0x08001e35   Thumb Code    86  stm32f4xx_hal_msp.o(i.HAL_MspInit)
    HAL_NVIC_EnableIRQ                       0x08001e8b   Thumb Code    26  stm32f4xx_hal_cortex.o(i.HAL_NVIC_EnableIRQ)
    HAL_NVIC_SetPriority                     0x08001ea5   Thumb Code   124  stm32f4xx_hal_cortex.o(i.HAL_NVIC_SetPriority)
    HAL_NVIC_SetPriorityGrouping             0x08001f21   Thumb Code    32  stm32f4xx_hal_cortex.o(i.HAL_NVIC_SetPriorityGrouping)
    HAL_RCCEx_PeriphCLKConfig                0x08001f49   Thumb Code   396  stm32f4xx_hal_rcc_ex.o(i.HAL_RCCEx_PeriphCLKConfig)
    HAL_RCC_ClockConfig                      0x080020e9   Thumb Code   366  stm32f4xx_hal_rcc.o(i.HAL_RCC_ClockConfig)
    HAL_RCC_GetHCLKFreq                      0x08002269   Thumb Code     6  stm32f4xx_hal_rcc.o(i.HAL_RCC_GetHCLKFreq)
    HAL_RCC_GetPCLK1Freq                     0x08002275   Thumb Code    22  stm32f4xx_hal_rcc.o(i.HAL_RCC_GetPCLK1Freq)
    HAL_RCC_GetPCLK2Freq                     0x08002295   Thumb Code    22  stm32f4xx_hal_rcc.o(i.HAL_RCC_GetPCLK2Freq)
    HAL_RCC_GetSysClockFreq                  0x080022b5   Thumb Code   162  stm32f4xx_hal_rcc.o(i.HAL_RCC_GetSysClockFreq)
    HAL_RCC_MCOConfig                        0x08002365   Thumb Code   178  stm32f4xx_hal_rcc.o(i.HAL_RCC_MCOConfig)
    HAL_RCC_OscConfig                        0x08002425   Thumb Code  1040  stm32f4xx_hal_rcc.o(i.HAL_RCC_OscConfig)
    HAL_RTCEx_BKUPRead                       0x08002835   Thumb Code    18  stm32f4xx_hal_rtc_ex.o(i.HAL_RTCEx_BKUPRead)
    HAL_RTCEx_BKUPWrite                      0x08002847   Thumb Code    18  stm32f4xx_hal_rtc_ex.o(i.HAL_RTCEx_BKUPWrite)
    HAL_RTC_GetDate                          0x08002859   Thumb Code    72  stm32f4xx_hal_rtc.o(i.HAL_RTC_GetDate)
    HAL_RTC_GetTime                          0x080028a5   Thumb Code    92  stm32f4xx_hal_rtc.o(i.HAL_RTC_GetTime)
    HAL_RTC_Init                             0x08002905   Thumb Code   212  stm32f4xx_hal_rtc.o(i.HAL_RTC_Init)
    HAL_RTC_MspInit                          0x080029dd   Thumb Code    16  rtc.o(i.HAL_RTC_MspInit)
    HAL_RTC_SetDate                          0x080029f5   Thumb Code   254  stm32f4xx_hal_rtc.o(i.HAL_RTC_SetDate)
    HAL_RTC_SetTime                          0x08002af9   Thumb Code   304  stm32f4xx_hal_rtc.o(i.HAL_RTC_SetTime)
    HAL_RTC_WaitForSynchro                   0x08002c2d   Thumb Code    58  stm32f4xx_hal_rtc.o(i.HAL_RTC_WaitForSynchro)
    HAL_SPI_Init                             0x08002c67   Thumb Code   140  stm32f4xx_hal_spi.o(i.HAL_SPI_Init)
    HAL_SPI_MspInit                          0x08002cf5   Thumb Code   154  spi.o(i.HAL_SPI_MspInit)
    HAL_SPI_Transmit                         0x08002da1   Thumb Code   422  stm32f4xx_hal_spi.o(i.HAL_SPI_Transmit)
    HAL_SPI_TransmitReceive                  0x08002f47   Thumb Code   542  stm32f4xx_hal_spi.o(i.HAL_SPI_TransmitReceive)
    HAL_SRAM_Init                            0x08003165   Thumb Code    88  stm32f4xx_hal_sram.o(i.HAL_SRAM_Init)
    HAL_SRAM_MspInit                         0x080031bd   Thumb Code    10  fsmc.o(i.HAL_SRAM_MspInit)
    HAL_SYSTICK_CLKSourceConfig              0x080031c7   Thumb Code    40  stm32f4xx_hal_cortex.o(i.HAL_SYSTICK_CLKSourceConfig)
    HAL_SYSTICK_Callback                     0x080031ef   Thumb Code     2  stm32f4xx_hal_cortex.o(i.HAL_SYSTICK_Callback)
    HAL_SYSTICK_Config                       0x080031f1   Thumb Code    52  stm32f4xx_hal_cortex.o(i.HAL_SYSTICK_Config)
    HAL_SYSTICK_IRQHandler                   0x08003225   Thumb Code     8  stm32f4xx_hal_cortex.o(i.HAL_SYSTICK_IRQHandler)
    HAL_TIMEx_BreakCallback                  0x0800322d   Thumb Code     2  stm32f4xx_hal_tim_ex.o(i.HAL_TIMEx_BreakCallback)
    HAL_TIMEx_CommutationCallback            0x0800322f   Thumb Code     2  stm32f4xx_hal_tim_ex.o(i.HAL_TIMEx_CommutationCallback)
    HAL_TIMEx_MasterConfigSynchronization    0x08003231   Thumb Code    98  stm32f4xx_hal_tim_ex.o(i.HAL_TIMEx_MasterConfigSynchronization)
    HAL_TIM_Base_Init                        0x08003293   Thumb Code    52  stm32f4xx_hal_tim.o(i.HAL_TIM_Base_Init)
    HAL_TIM_Base_MspInit                     0x080032c9   Thumb Code   228  tim.o(i.HAL_TIM_Base_MspInit)
    HAL_TIM_Base_Start_IT                    0x080033cd   Thumb Code    30  stm32f4xx_hal_tim.o(i.HAL_TIM_Base_Start_IT)
    HAL_TIM_ConfigClockSource                0x080033eb   Thumb Code   306  stm32f4xx_hal_tim.o(i.HAL_TIM_ConfigClockSource)
    HAL_TIM_IC_CaptureCallback               0x0800351d   Thumb Code     2  stm32f4xx_hal_tim.o(i.HAL_TIM_IC_CaptureCallback)
    HAL_TIM_IRQHandler                       0x0800351f   Thumb Code   406  stm32f4xx_hal_tim.o(i.HAL_TIM_IRQHandler)
    HAL_TIM_MspPostInit                      0x080036b5   Thumb Code    44  tim.o(i.HAL_TIM_MspPostInit)
    HAL_TIM_OC_DelayElapsedCallback          0x080036e9   Thumb Code     2  stm32f4xx_hal_tim.o(i.HAL_TIM_OC_DelayElapsedCallback)
    HAL_TIM_PWM_ConfigChannel                0x080036eb   Thumb Code   264  stm32f4xx_hal_tim.o(i.HAL_TIM_PWM_ConfigChannel)
    HAL_TIM_PWM_Init                         0x080037f3   Thumb Code    52  stm32f4xx_hal_tim.o(i.HAL_TIM_PWM_Init)
    HAL_TIM_PWM_MspInit                      0x08003827   Thumb Code     2  stm32f4xx_hal_tim.o(i.HAL_TIM_PWM_MspInit)
    HAL_TIM_PWM_PulseFinishedCallback        0x08003829   Thumb Code     2  stm32f4xx_hal_tim.o(i.HAL_TIM_PWM_PulseFinishedCallback)
    HAL_TIM_PWM_Start                        0x0800382d   Thumb Code    68  stm32f4xx_hal_tim.o(i.HAL_TIM_PWM_Start)
    HAL_TIM_PWM_Stop                         0x08003879   Thumb Code   126  stm32f4xx_hal_tim.o(i.HAL_TIM_PWM_Stop)
    HAL_TIM_PeriodElapsedCallback            0x08003901   Thumb Code   268  tim.o(i.HAL_TIM_PeriodElapsedCallback)
    HAL_TIM_TriggerCallback                  0x08003a29   Thumb Code     2  stm32f4xx_hal_tim.o(i.HAL_TIM_TriggerCallback)
    HAL_UART_ErrorCallback                   0x08003a2b   Thumb Code     2  stm32f4xx_hal_uart.o(i.HAL_UART_ErrorCallback)
    HAL_UART_IRQHandler                      0x08003a2d   Thumb Code   326  stm32f4xx_hal_uart.o(i.HAL_UART_IRQHandler)
    HAL_UART_Init                            0x08003b79   Thumb Code   114  stm32f4xx_hal_uart.o(i.HAL_UART_Init)
    HAL_UART_MspInit                         0x08003bed   Thumb Code   626  usart.o(i.HAL_UART_MspInit)
    HAL_UART_Receive_IT                      0x08003ea9   Thumb Code   100  stm32f4xx_hal_uart.o(i.HAL_UART_Receive_IT)
    HAL_UART_RxCpltCallback                  0x08003f0d   Thumb Code   436  usart.o(i.HAL_UART_RxCpltCallback)
    HAL_UART_Transmit_IT                     0x0800412d   Thumb Code    88  stm32f4xx_hal_uart.o(i.HAL_UART_Transmit_IT)
    HAL_UART_TxCpltCallback                  0x08004185   Thumb Code     2  usart.o(i.HAL_UART_TxCpltCallback)
    HardFault_Handler                        0x08004187   Thumb Code     4  stm32f4xx_it.o(i.HardFault_Handler)
    I2C1_Ack                                 0x0800418d   Thumb Code    56  touch.o(i.I2C1_Ack)
    I2C1_Delay_us                            0x080041c9   Thumb Code    14  touch.o(i.I2C1_Delay_us)
    I2C1_NoAck                               0x080041d9   Thumb Code    56  touch.o(i.I2C1_NoAck)
    I2C1_Read_Byte                           0x08004215   Thumb Code    94  touch.o(i.I2C1_Read_Byte)
    I2C1_Send_Byte                           0x08004279   Thumb Code   110  touch.o(i.I2C1_Send_Byte)
    I2C1_Start                               0x080042ed   Thumb Code    56  touch.o(i.I2C1_Start)
    I2C1_Stop                                0x08004329   Thumb Code    56  touch.o(i.I2C1_Stop)
    I2C1_WaitAck                             0x08004365   Thumb Code    92  touch.o(i.I2C1_WaitAck)
    I2C2_Ack                                 0x080043c5   Thumb Code    60  dht12.o(i.I2C2_Ack)
    I2C2_Delay_us                            0x08004405   Thumb Code    12  dht12.o(i.I2C2_Delay_us)
    I2C2_NoAck                               0x08004411   Thumb Code    60  dht12.o(i.I2C2_NoAck)
    I2C2_Read_Byte                           0x08004451   Thumb Code   108  dht12.o(i.I2C2_Read_Byte)
    I2C2_SDA_In                              0x080044c1   Thumb Code     2  dht12.o(i.I2C2_SDA_In)
    I2C2_SDA_Out                             0x080044c3   Thumb Code     2  dht12.o(i.I2C2_SDA_Out)
    I2C2_Send_Byte                           0x080044c5   Thumb Code   118  dht12.o(i.I2C2_Send_Byte)
    I2C2_Start                               0x08004541   Thumb Code    60  dht12.o(i.I2C2_Start)
    I2C2_Stop                                0x08004581   Thumb Code    60  dht12.o(i.I2C2_Stop)
    I2C2_WaitAck                             0x080045c1   Thumb Code   114  dht12.o(i.I2C2_WaitAck)
    IWDG_feed                                0x08004639   Thumb Code    10  iwdg.o(i.IWDG_feed)
    LCD_CTRL_GPIO_Init                       0x08004649   Thumb Code   144  lcd_drive.o(i.LCD_CTRL_GPIO_Init)
    LCD_DigHex_U8_Asc24                      0x080046e5   Thumb Code    74  tftdisp.o(i.LCD_DigHex_U8_Asc24)
    LCD_delay                                0x08004759   Thumb Code    42  lcd_drive.o(i.LCD_delay)
    LCD_init                                 0x08004785   Thumb Code   892  lcd_drive.o(i.LCD_init)
    LED_GPIO_init                            0x08004b05   Thumb Code   150  led.o(i.LED_GPIO_init)
    Lcd_Clear_All                            0x08004ba5   Thumb Code    56  lcd_drive.o(i.Lcd_Clear_All)
    Lcd_Clear_Some_Area                      0x08004be1   Thumb Code   126  lcd_drive.o(i.Lcd_Clear_Some_Area)
    Lcd_Clear_Some_Area_sim                  0x08004c65   Thumb Code    40  lcd_drive.o(i.Lcd_Clear_Some_Area_sim)
    Lcd_Set_Region                           0x08004c8d   Thumb Code   114  lcd_drive.o(i.Lcd_Set_Region)
    Lcd_Set_XY                               0x08004cff   Thumb Code    50  lcd_drive.o(i.Lcd_Set_XY)
    MX_ADC1_Init                             0x08004d31   Thumb Code    96  adc.o(i.MX_ADC1_Init)
    MX_CRC_Init                              0x08004dad   Thumb Code    26  crc.o(i.MX_CRC_Init)
    MX_DMA_Init                              0x08004de1   Thumb Code   162  dma.o(i.MX_DMA_Init)
    MX_FSMC_Init                             0x08004e89   Thumb Code   112  fsmc.o(i.MX_FSMC_Init)
    MX_GPIO_Init                             0x08004f11   Thumb Code   442  gpio.o(i.MX_GPIO_Init)
    MX_RTC_Init                              0x080050e9   Thumb Code   114  rtc.o(i.MX_RTC_Init)
    MX_SPI1_Init                             0x0800517d   Thumb Code    64  spi.o(i.MX_SPI1_Init)
    MX_SPI2_Init                             0x080051d5   Thumb Code    66  spi.o(i.MX_SPI2_Init)
    MX_TIM4_Init                             0x08005231   Thumb Code   154  tim.o(i.MX_TIM4_Init)
    MX_TIM5_Init                             0x080052e5   Thumb Code    94  tim.o(i.MX_TIM5_Init)
    MX_TIM7_Init                             0x08005361   Thumb Code    64  tim.o(i.MX_TIM7_Init)
    MX_UART4_Init                            0x080053b9   Thumb Code    50  usart.o(i.MX_UART4_Init)
    MX_USART2_UART_Init                      0x08005405   Thumb Code    50  usart.o(i.MX_USART2_UART_Init)
    MX_USART3_UART_Init                      0x08005451   Thumb Code    50  usart.o(i.MX_USART3_UART_Init)
    MX_USART6_UART_Init                      0x0800549d   Thumb Code    50  usart.o(i.MX_USART6_UART_Init)
    MemManage_Handler                        0x080054e9   Thumb Code     4  stm32f4xx_it.o(i.MemManage_Handler)
    NMI_Handler                              0x080054ed   Thumb Code     2  stm32f4xx_it.o(i.NMI_Handler)
    NRF24_Check                              0x080054f1   Thumb Code    94  nrf24l0.o(i.NRF24_Check)
    NRF24_Read_Buffer                        0x08005559   Thumb Code    68  nrf24l0.o(i.NRF24_Read_Buffer)
    NRF24_Read_Packet                        0x080055a1   Thumb Code    52  nrf24l0.o(i.NRF24_Read_Packet)
    NRF24_Read_Reg                           0x080055d5   Thumb Code    46  nrf24l0.o(i.NRF24_Read_Reg)
    NRF24_RxMode                             0x08005609   Thumb Code    82  nrf24l0.o(i.NRF24_RxMode)
    NRF24_SPI2_WRByte                        0x08005665   Thumb Code    28  nrf24l0.o(i.NRF24_SPI2_WRByte)
    NRF24_TxMode                             0x08005685   Thumb Code    92  nrf24l0.o(i.NRF24_TxMode)
    NRF24_Write_Buffer                       0x080056e9   Thumb Code    66  nrf24l0.o(i.NRF24_Write_Buffer)
    NRF24_Write_Packet                       0x08005731   Thumb Code   104  nrf24l0.o(i.NRF24_Write_Packet)
    NRF24_Write_Reg                          0x080057a1   Thumb Code    46  nrf24l0.o(i.NRF24_Write_Reg)
    NRF24_init                               0x080057d5   Thumb Code    24  nrf24l0.o(i.NRF24_init)
    NRF24_rec_mess                           0x080057f5   Thumb Code    60  nrf24l0.o(i.NRF24_rec_mess)
    NRF24_send_cmd                           0x0800583d   Thumb Code    68  nrf24l0.o(i.NRF24_send_cmd)
    PendSV_Handler                           0x080058b9   Thumb Code     2  stm32f4xx_it.o(i.PendSV_Handler)
    RTC_Bcd2ToByte                           0x080058bb   Thumb Code    22  stm32f4xx_hal_rtc.o(i.RTC_Bcd2ToByte)
    RTC_ByteToBcd2                           0x080058d1   Thumb Code    26  stm32f4xx_hal_rtc.o(i.RTC_ByteToBcd2)
    RTC_EnterInitMode                        0x080058eb   Thumb Code    62  stm32f4xx_hal_rtc.o(i.RTC_EnterInitMode)
    ReadCTP                                  0x08005929   Thumb Code   396  touch.o(i.ReadCTP)
    ReadRTCTime                              0x08005ab9   Thumb Code    88  rtc.o(i.ReadRTCTime)
    Read_Inf                                 0x08005b15   Thumb Code    12  sensor.o(i.Read_Inf)
    SVC_Handler                              0x08005bf7   Thumb Code     2  stm32f4xx_it.o(i.SVC_Handler)
    SetRTCTime_Test                          0x08005bf9   Thumb Code    92  rtc.o(i.SetRTCTime_Test)
    SysTick_Handler                          0x08005c69   Thumb Code    12  stm32f4xx_it.o(i.SysTick_Handler)
    SystemClock_Config                       0x08005c75   Thumb Code   246  main.o(i.SystemClock_Config)
    SystemInit                               0x08005d85   Thumb Code    82  system_stm32f4xx.o(i.SystemInit)
    TIM4_IRQHandler                          0x08005de9   Thumb Code    10  stm32f4xx_it.o(i.TIM4_IRQHandler)
    TIM5_IRQHandler                          0x08005df9   Thumb Code    10  stm32f4xx_it.o(i.TIM5_IRQHandler)
    TIM7_IRQHandler                          0x08005e09   Thumb Code    10  stm32f4xx_it.o(i.TIM7_IRQHandler)
    TIM_Base_SetConfig                       0x08005e19   Thumb Code   184  stm32f4xx_hal_tim.o(i.TIM_Base_SetConfig)
    TIM_CCxChannelCmd                        0x08005efd   Thumb Code    28  stm32f4xx_hal_tim.o(i.TIM_CCxChannelCmd)
    TIM_OC2_SetConfig                        0x08005fb5   Thumb Code   112  stm32f4xx_hal_tim.o(i.TIM_OC2_SetConfig)
    UART4_IRQHandler                         0x0800615d   Thumb Code    10  stm32f4xx_it.o(i.UART4_IRQHandler)
    UDebug_Send_String                       0x0800662d   Thumb Code    50  usart.o(i.UDebug_Send_String)
    USART2_IRQHandler                        0x0800666d   Thumb Code    10  stm32f4xx_it.o(i.USART2_IRQHandler)
    USART3_IRQHandler                        0x0800667d   Thumb Code    10  stm32f4xx_it.o(i.USART3_IRQHandler)
    USART6_IRQHandler                        0x0800668d   Thumb Code    10  stm32f4xx_it.o(i.USART6_IRQHandler)
    UWifi_Send_String                        0x0800669d   Thumb Code    50  usart.o(i.UWifi_Send_String)
    UWifi_Send_String_mess                   0x080066dd   Thumb Code    44  usart.o(i.UWifi_Send_String_mess)
    Uart_sensor_init                         0x08006715   Thumb Code    24  usart.o(i.Uart_sensor_init)
    UsageFault_Handler                       0x0800673d   Thumb Code     4  stm32f4xx_it.o(i.UsageFault_Handler)
    W25Q64_Erase_Sector                      0x08006741   Thumb Code    82  w25q64.o(i.W25Q64_Erase_Sector)
    W25Q64_Read                              0x0800679d   Thumb Code    88  w25q64.o(i.W25Q64_Read)
    W25Q64_ReadSR                            0x080067fd   Thumb Code    52  w25q64.o(i.W25Q64_ReadSR)
    W25Q64_Wait_Busy                         0x08006839   Thumb Code    18  w25q64.o(i.W25Q64_Wait_Busy)
    W25Q64_Write                             0x0800684d   Thumb Code   176  w25q64.o(i.W25Q64_Write)
    W25Q64_Write_Enable                      0x08006901   Thumb Code    48  w25q64.o(i.W25Q64_Write_Enable)
    W25Q64_Write_NoCheck                     0x08006939   Thumb Code    70  w25q64.o(i.W25Q64_Write_NoCheck)
    W25Q64_Write_Page                        0x08006981   Thumb Code    92  w25q64.o(i.W25Q64_Write_Page)
    WriteComm                                0x080069e5   Thumb Code     8  lcd_drive.o(i.WriteComm)
    WriteData                                0x080069ed   Thumb Code     6  lcd_drive.o(i.WriteData)
    _Error_Handler                           0x080069f9   Thumb Code     4  main.o(i._Error_Handler)
    __0printf$3                              0x080069fd   Thumb Code    22  printf3.o(i.__0printf$3)
    __1printf$3                              0x080069fd   Thumb Code     0  printf3.o(i.__0printf$3)
    __2printf                                0x080069fd   Thumb Code     0  printf3.o(i.__0printf$3)
    __0sprintf$3                             0x08006a1d   Thumb Code    34  printf3.o(i.__0sprintf$3)
    __1sprintf$3                             0x08006a1d   Thumb Code     0  printf3.o(i.__0sprintf$3)
    __2sprintf                               0x08006a1d   Thumb Code     0  printf3.o(i.__0sprintf$3)
    __scatterload_copy                       0x08006a45   Thumb Code    14  handlers.o(i.__scatterload_copy)
    __scatterload_null                       0x08006a53   Thumb Code     2  handlers.o(i.__scatterload_null)
    __scatterload_zeroinit                   0x08006a55   Thumb Code    14  handlers.o(i.__scatterload_zeroinit)
    buttom_event_ctl                         0x08006c27   Thumb Code   108  window.o(i.buttom_event_ctl)
    buzzer_pwm_config                        0x08006c95   Thumb Code    44  tim.o(i.buzzer_pwm_config)
    ch4_avg                                  0x08006cd5   Thumb Code    30  sensor.o(i.ch4_avg)
    ch4_sensor_onoff                         0x08006cfd   Thumb Code    88  sensor.o(i.ch4_sensor_onoff)
    cho_avg                                  0x08006d61   Thumb Code    74  sensor.o(i.cho_avg)
    flush_Buffer                             0x08006db5   Thumb Code    20  usart.o(i.flush_Buffer)
    fputc                                    0x08006dc9   Thumb Code    24  usart.o(i.fputc)
    gui_draw_a_16_Ascii                      0x08006de5   Thumb Code    44  gui.o(i.gui_draw_a_16_Ascii)
    gui_draw_a_16_str                        0x08006e15   Thumb Code    64  gui.o(i.gui_draw_a_16_str)
    gui_draw_a_Ascii                         0x08006e59   Thumb Code    44  gui.o(i.gui_draw_a_Ascii)
    gui_draw_a_icon_str                      0x08006e89   Thumb Code    86  gui.o(i.gui_draw_a_icon_str)
    gui_draw_a_str                           0x08006ee5   Thumb Code    64  gui.o(i.gui_draw_a_str)
    gui_draw_a_title_str                     0x08006f29   Thumb Code    72  gui.o(i.gui_draw_a_title_str)
    is_touch_area                            0x08006f75   Thumb Code    70  touch.o(i.is_touch_area)
    main                                     0x08006fbd   Thumb Code  1540  main.o(i.main)
    pm25_avg                                 0x08007625   Thumb Code   128  sensor.o(i.pm25_avg)
    read_Wifi_Config                         0x080076ad   Thumb Code    32  config.o(i.read_Wifi_Config)
    rgb8882565                               0x080076cd   Thumb Code    38  gui.o(i.rgb8882565)
    sensor_data_proc                         0x080076f5   Thumb Code   162  sensor.o(i.sensor_data_proc)
    sensor_init                              0x080077a9   Thumb Code    28  sensor.o(i.sensor_init)
    tftDisp_AllDataTime                      0x080077c9   Thumb Code   292  tftdisp.o(i.tftDisp_AllDataTime)
    tftDisp_Main                             0x080078f9   Thumb Code   646  tftdisp.o(i.tftDisp_Main)
    tftDisp_SensorData                       0x08007be1   Thumb Code   746  tftdisp.o(i.tftDisp_SensorData)
    tftDisp_about                            0x08007edd   Thumb Code   274  tftdisp.o(i.tftDisp_about)
    tftDisp_alarm                            0x08008001   Thumb Code   140  tftdisp.o(i.tftDisp_alarm)
    tftDisp_btn_init                         0x080080a1   Thumb Code    56  tftdisp.o(i.tftDisp_btn_init)
    tftDisp_demo                             0x080080d9   Thumb Code    64  tftdisp.o(i.tftDisp_demo)
    tftDisp_fresh                            0x08008125   Thumb Code   294  tftdisp.o(i.tftDisp_fresh)
    tftDisp_menu_l                           0x08008251   Thumb Code   172  tftdisp.o(i.tftDisp_menu_l)
    tftDisp_mess                             0x0800830d   Thumb Code    86  tftdisp.o(i.tftDisp_mess)
    tftDisp_welcome                          0x08008375   Thumb Code   148  tftdisp.o(i.tftDisp_welcome)
    tftDisp_wifi_flag                        0x0800841d   Thumb Code   106  tftdisp.o(i.tftDisp_wifi_flag)
    window_ctl                               0x0800848d   Thumb Code   318  window.o(i.window_ctl)
    write_Wifi_Config                        0x080085cb   Thumb Code    32  config.o(i.write_Wifi_Config)
    EP_ADDRESS                               0x080085ea   Data           5  nrf24l0.o(.constdata)
    SP1_ADDRESS                              0x080085ef   Data           5  nrf24l0.o(.constdata)
    mod_xh_buffer                            0x080085f4   Data        7560  pic_buffer.o(.constdata)
    mod_xm_buffer                            0x0800a37c   Data        6240  pic_buffer.o(.constdata)
    mod_num_buffer                           0x0800bbdc   Data        1728  pic_buffer.o(.constdata)
    mod_pic_buffer                           0x0800c29c   Data        4096  pic_buffer.o(.constdata)
    mod_ascii_buffer                         0x0800d29c   Data        9024  pic_buffer.o(.constdata)
    mod_slogan_buffer                        0x0800f5dc   Data        1920  pic_buffer.o(.constdata)
    mod_about_buffer                         0x0800fd5c   Data        4864  pic_buffer.o(.constdata)
    mod_ascii_buffer_2                       0x0801105c   Data        6016  pic_buffer.o(.constdata)
    mod_title_buffer                         0x080127dc   Data        4736  pic_buffer.o(.constdata)
    AHBPrescTable                            0x08013a64   Data          16  system_stm32f4xx.o(.constdata)
    APBPrescTable                            0x08013a74   Data           8  system_stm32f4xx.o(.constdata)
    Region$$Table$$Base                      0x08013a7c   Number         0  anon$$obj.o(Region$$Table)
    Region$$Table$$Limit                     0x08013a9c   Number         0  anon$$obj.o(Region$$Table)
    icon_num                                 0x20000000   Data          12  pic_buffer.o(.data)
    icon_pic                                 0x2000000c   Data          12  pic_buffer.o(.data)
    icon_ascii                               0x20000018   Data          12  pic_buffer.o(.data)
    icon_ascii_16_32                         0x20000024   Data          12  pic_buffer.o(.data)
    icon_about                               0x20000030   Data          12  pic_buffer.o(.data)
    icon_slogan                              0x2000003c   Data          12  pic_buffer.o(.data)
    icon_title                               0x20000048   Data          12  pic_buffer.o(.data)
    icon_xh                                  0x20000054   Data          12  pic_buffer.o(.data)
    icon_xm                                  0x20000060   Data          12  pic_buffer.o(.data)
    uwTick                                   0x20000070   Data           4  stm32f4xx_hal.o(.data)
    SystemCoreClock                          0x20000074   Data           4  system_stm32f4xx.o(.data)
    debug_RxBuf                              0x20000078   Data           1  usart.o(.data)
    WifiRxBuf                                0x20000079   Data           1  usart.o(.data)
    WifiRxBuf_old                            0x2000007a   Data           1  usart.o(.data)
    Pm25RxBuf                                0x2000007b   Data           1  usart.o(.data)
    CH2ORxBuf                                0x2000007c   Data           1  usart.o(.data)
    hcrc                                     0x20000084   Data           8  crc.o(.data)
    sDate                                    0x2000008c   Data           4  rtc.o(.data)
    UDebug_Rec_Point                         0x20000098   Data           2  main.o(.data)
    debug_Label                              0x2000009a   Data           1  main.o(.data)
    UWifi_Rec_Point                          0x2000009c   Data           2  main.o(.data)
    UPm25_Rec_Point                          0x2000009e   Data           2  main.o(.data)
    UCH2O_Rec_Point                          0x200000a0   Data           2  main.o(.data)
    flag_Rec_mess                            0x200000a2   Data           1  main.o(.data)
    flag_userConf_mode                       0x200000a3   Data           1  main.o(.data)
    flag_userConf_get                        0x200000a4   Data           1  main.o(.data)
    flag_nrf_Rec_mess                        0x200000a5   Data           1  main.o(.data)
    __stdout                                 0x200000a8   Data           4  stdout.o(.data)
    hadc1                                    0x200010b8   Data          72  adc.o(.bss)
    hdma_adc1                                0x20001100   Data          96  adc.o(.bss)
    huart4                                   0x20001160   Data          64  usart.o(.bss)
    huart2                                   0x200011a0   Data          64  usart.o(.bss)
    huart3                                   0x200011e0   Data          64  usart.o(.bss)
    huart6                                   0x20001220   Data          64  usart.o(.bss)
    hdma_usart2_rx                           0x20001260   Data          96  usart.o(.bss)
    hdma_usart2_tx                           0x200012c0   Data          96  usart.o(.bss)
    hdma_usart6_rx                           0x20001320   Data          96  usart.o(.bss)
    hdma_usart6_tx                           0x20001380   Data          96  usart.o(.bss)
    htim4                                    0x200013e0   Data          60  tim.o(.bss)
    htim5                                    0x2000141c   Data          60  tim.o(.bss)
    htim7                                    0x20001458   Data          60  tim.o(.bss)
    hrtc                                     0x20001494   Data          32  rtc.o(.bss)
    sTime                                    0x200014b4   Data          20  rtc.o(.bss)
    hspi1                                    0x200014c8   Data          88  spi.o(.bss)
    hspi2                                    0x20001520   Data          88  spi.o(.bss)
    hiwdg                                    0x20001578   Data          12  iwdg.o(.bss)
    hsram1                                   0x20001584   Data          80  fsmc.o(.bss)
    tim_task                                 0x200015d4   Data          17  main.o(.bss)
    UDebug_Rec_Buffer                        0x200015e5   Data         100  main.o(.bss)
    UDebug_Send_Buffer                       0x20001649   Data         100  main.o(.bss)
    UWifi_Rec_Buffer                         0x200016ad   Data         100  main.o(.bss)
    UWifi_Send_Buffer                        0x20001711   Data         100  main.o(.bss)
    UPm25_Rec_Buffer                         0x20001775   Data         120  main.o(.bss)
    UCH2O_Rec_Buffer                         0x200017ed   Data          45  main.o(.bss)
    sensor_data_now                          0x2000181a   Data          18  main.o(.bss)
    wifi_Rec_Mess                            0x2000182c   Data          18  main.o(.bss)
    wifi_Sed_Mess                            0x2000183e   Data          18  main.o(.bss)
    user_conf_buffer                         0x20001850   Data         100  main.o(.bss)
    nrf_Rec_Mess                             0x200018b4   Data          17  main.o(.bss)
    nrf_Sed_Mess                             0x200018c5   Data          17  main.o(.bss)
    __initial_sp                             0x20001cd8   Data           0  startup_stm32f407xx.o(STACK)



==============================================================================

Memory Map of the image

  Image Entry point : 0x08000189

  Load Region LR_IROM1 (Base: 0x08000000, Size: 0x00013b48, Max: 0x00080000, ABSOLUTE)

    Execution Region ER_IROM1 (Base: 0x08000000, Size: 0x00013a9c, Max: 0x00080000, ABSOLUTE)

    Base Addr    Size         Type   Attr      Idx    E Section Name        Object

    0x08000000   0x00000188   Data   RO            3    RESET               startup_stm32f407xx.o
    0x08000188   0x00000000   Code   RO         6314  * .ARM.Collect$$$$00000000  mc_w.l(entry.o)
    0x08000188   0x00000004   Code   RO         6594    .ARM.Collect$$$$00000001  mc_w.l(entry2.o)
    0x0800018c   0x00000004   Code   RO         6597    .ARM.Collect$$$$00000004  mc_w.l(entry5.o)
    0x08000190   0x00000000   Code   RO         6599    .ARM.Collect$$$$00000008  mc_w.l(entry7b.o)
    0x08000190   0x00000000   Code   RO         6601    .ARM.Collect$$$$0000000A  mc_w.l(entry8b.o)
    0x08000190   0x00000008   Code   RO         6602    .ARM.Collect$$$$0000000B  mc_w.l(entry9a.o)
    0x08000198   0x00000000   Code   RO         6604    .ARM.Collect$$$$0000000D  mc_w.l(entry10a.o)
    0x08000198   0x00000000   Code   RO         6606    .ARM.Collect$$$$0000000F  mc_w.l(entry11a.o)
    0x08000198   0x00000004   Code   RO         6595    .ARM.Collect$$$$00002712  mc_w.l(entry2.o)
    0x0800019c   0x00000024   Code   RO            4    .text               startup_stm32f407xx.o
    0x080001c0   0x00000062   Code   RO         6317    .text               mc_w.l(uldiv.o)
    0x08000222   0x00000024   Code   RO         6319    .text               mc_w.l(memcpya.o)
    0x08000246   0x00000024   Code   RO         6321    .text               mc_w.l(memseta.o)
    0x0800026a   0x00000024   Code   RO         6323    .text               mc_w.l(strstr.o)
    0x0800028e   0x00000014   Code   RO         6325    .text               mc_w.l(strchr.o)
    0x080002a2   0x0000000e   Code   RO         6327    .text               mc_w.l(strlen.o)
    0x080002b0   0x00000012   Code   RO         6329    .text               mc_w.l(strcpy.o)
    0x080002c2   0x0000002c   Code   RO         6609    .text               mc_w.l(uidiv.o)
    0x080002ee   0x0000001e   Code   RO         6611    .text               mc_w.l(llshl.o)
    0x0800030c   0x00000020   Code   RO         6613    .text               mc_w.l(llushr.o)
    0x0800032c   0x00000024   Code   RO         6626    .text               mc_w.l(init.o)
    0x08000350   0x0000015c   Code   RO         4606    i.ADC_Init          stm32f4xx_hal_adc.o
    0x080004ac   0x00000004   Code   RO         5783    i.BusFault_Handler  stm32f4xx_it.o
    0x080004b0   0x00000080   Code   RO           13    i.DHT12_I2C_GPIO_init  dht12.o
    0x08000530   0x00000100   Code   RO           14    i.DHT12_Read_Data   dht12.o
    0x08000630   0x00000010   Code   RO         5784    i.DMA1_Stream5_IRQHandler  stm32f4xx_it.o
    0x08000640   0x00000010   Code   RO         5785    i.DMA1_Stream6_IRQHandler  stm32f4xx_it.o
    0x08000650   0x00000010   Code   RO         5786    i.DMA2_Stream0_IRQHandler  stm32f4xx_it.o
    0x08000660   0x00000010   Code   RO         5787    i.DMA2_Stream2_IRQHandler  stm32f4xx_it.o
    0x08000670   0x00000010   Code   RO         5788    i.DMA2_Stream6_IRQHandler  stm32f4xx_it.o
    0x08000680   0x00000034   Code   RO         1780    i.DMA_CalcBaseAndBitshift  stm32f4xx_hal_dma.o
    0x080006b4   0x000000aa   Code   RO         1781    i.DMA_CheckFifoParam  stm32f4xx_hal_dma.o
    0x0800075e   0x00000002   Code   RO         5789    i.DebugMon_Handler  stm32f4xx_it.o
    0x08000760   0x00000018   Code   RO         1346    i.Delay_ms          common.o
    0x08000778   0x00000044   Code   RO         1347    i.Delay_us          common.o
    0x080007bc   0x000001bc   Code   RO         1092    i.ESP8266_Get_UserConf  esp8266.o
    0x08000978   0x00000088   Code   RO         1093    i.ESP8266_NetConfig  esp8266.o
    0x08000a00   0x0000009c   Code   RO         1095    i.ESP8266_SaveTrans  esp8266.o
    0x08000a9c   0x000000e4   Code   RO         1096    i.ESP8266_Send      esp8266.o
    0x08000b80   0x00000020   Code   RO         1098    i.ESP8266_Soft_Reset  esp8266.o
    0x08000ba0   0x0000008c   Code   RO         1100    i.ESP8266_StopTrans  esp8266.o
    0x08000c2c   0x00000084   Code   RO         1103    i.ESP8266_change_mode  esp8266.o
    0x08000cb0   0x00000014   Code   RO         1105    i.ESP8266_init      esp8266.o
    0x08000cc4   0x000000dc   Code   RO         1106    i.ESP8266_pre_config  esp8266.o
    0x08000da0   0x00000060   Code   RO         1107    i.ESP8266_read_mess  esp8266.o
    0x08000e00   0x0000000a   Code   RO         5790    i.EXTI2_IRQHandler  stm32f4xx_it.o
    0x08000e0a   0x00000002   PAD
    0x08000e0c   0x00000048   Code   RO         5230    i.FSMC_NORSRAM_Extended_Timing_Init  stm32f4xx_ll_fsmc.o
    0x08000e54   0x0000005c   Code   RO         5231    i.FSMC_NORSRAM_Init  stm32f4xx_ll_fsmc.o
    0x08000eb0   0x00000044   Code   RO         5232    i.FSMC_NORSRAM_Timing_Init  stm32f4xx_ll_fsmc.o
    0x08000ef4   0x0000005e   Code   RO          843    i.FT6206_Read_Reg   touch.o
    0x08000f52   0x00000002   PAD
    0x08000f54   0x00000060   Code   RO          844    i.FT6336_I2C_GPIO_init  touch.o
    0x08000fb4   0x00000040   Code   RO          635    i.Get_HextoASC_Disp  tftdisp.o
    0x08000ff4   0x00000094   Code   RO          297    i.Gui_Draw_A_Icon   gui.o
    0x08001088   0x00000024   Code   RO          299    i.Gui_Draw_Asc24_Hzk24  gui.o
    0x080010ac   0x000000be   Code   RO          301    i.Gui_Draw_Line     gui.o
    0x0800116a   0x00000002   PAD
    0x0800116c   0x00000110   Code   RO          302    i.Gui_Draw_My_Num   gui.o
    0x0800127c   0x0000004a   Code   RO          305    i.Gui_Draw_Rect     gui.o
    0x080012c6   0x00000002   PAD
    0x080012c8   0x0000001c   Code   RO          306    i.Gui_Draw_aPixel   gui.o
    0x080012e4   0x0000018c   Code   RO         4608    i.HAL_ADC_ConfigChannel  stm32f4xx_hal_adc.o
    0x08001470   0x00000008   Code   RO         4615    i.HAL_ADC_GetValue  stm32f4xx_hal_adc.o
    0x08001478   0x00000068   Code   RO         4617    i.HAL_ADC_Init      stm32f4xx_hal_adc.o
    0x080014e0   0x000000b8   Code   RO         5576    i.HAL_ADC_MspInit   adc.o
    0x08001598   0x00000100   Code   RO         4623    i.HAL_ADC_Start     stm32f4xx_hal_adc.o
    0x08001698   0x00000024   Code   RO         2380    i.HAL_CRC_Init      stm32f4xx_hal_crc.o
    0x080016bc   0x00000034   Code   RO         6016    i.HAL_CRC_MspInit   crc.o
    0x080016f0   0x00000028   Code   RO         1784    i.HAL_DMA_Abort_IT  stm32f4xx_hal_dma.o
    0x08001718   0x00000240   Code   RO         1788    i.HAL_DMA_IRQHandler  stm32f4xx_hal_dma.o
    0x08001958   0x000000ec   Code   RO         1789    i.HAL_DMA_Init      stm32f4xx_hal_dma.o
    0x08001a44   0x00000084   Code   RO         6197    i.HAL_FSMC_MspInit  fsmc.o
    0x08001ac8   0x0000009c   Code   RO         1225    i.HAL_GPIO_EXTI_Callback  nrf24l0.o
    0x08001b64   0x0000001c   Code   RO         1888    i.HAL_GPIO_EXTI_IRQHandler  stm32f4xx_hal_gpio.o
    0x08001b80   0x00000200   Code   RO         1889    i.HAL_GPIO_Init     stm32f4xx_hal_gpio.o
    0x08001d80   0x00000010   Code   RO         1891    i.HAL_GPIO_ReadPin  stm32f4xx_hal_gpio.o
    0x08001d90   0x00000008   Code   RO         1892    i.HAL_GPIO_TogglePin  stm32f4xx_hal_gpio.o
    0x08001d98   0x0000000c   Code   RO         1893    i.HAL_GPIO_WritePin  stm32f4xx_hal_gpio.o
    0x08001da4   0x0000000c   Code   RO         2871    i.HAL_GetTick       stm32f4xx_hal.o
    0x08001db0   0x0000000e   Code   RO         3965    i.HAL_IWDG_Refresh  stm32f4xx_hal_iwdg.o
    0x08001dbe   0x00000002   PAD
    0x08001dc0   0x00000010   Code   RO         2873    i.HAL_IncTick       stm32f4xx_hal.o
    0x08001dd0   0x0000003c   Code   RO         2874    i.HAL_Init          stm32f4xx_hal.o
    0x08001e0c   0x00000028   Code   RO         2875    i.HAL_InitTick      stm32f4xx_hal.o
    0x08001e34   0x00000056   Code   RO         5649    i.HAL_MspInit       stm32f4xx_hal_msp.o
    0x08001e8a   0x0000001a   Code   RO         4240    i.HAL_NVIC_EnableIRQ  stm32f4xx_hal_cortex.o
    0x08001ea4   0x0000007c   Code   RO         4246    i.HAL_NVIC_SetPriority  stm32f4xx_hal_cortex.o
    0x08001f20   0x00000028   Code   RO         4247    i.HAL_NVIC_SetPriorityGrouping  stm32f4xx_hal_cortex.o
    0x08001f48   0x000001a0   Code   RO         5350    i.HAL_RCCEx_PeriphCLKConfig  stm32f4xx_hal_rcc_ex.o
    0x080020e8   0x00000180   Code   RO         2233    i.HAL_RCC_ClockConfig  stm32f4xx_hal_rcc.o
    0x08002268   0x0000000c   Code   RO         2238    i.HAL_RCC_GetHCLKFreq  stm32f4xx_hal_rcc.o
    0x08002274   0x00000020   Code   RO         2240    i.HAL_RCC_GetPCLK1Freq  stm32f4xx_hal_rcc.o
    0x08002294   0x00000020   Code   RO         2241    i.HAL_RCC_GetPCLK2Freq  stm32f4xx_hal_rcc.o
    0x080022b4   0x000000b0   Code   RO         2242    i.HAL_RCC_GetSysClockFreq  stm32f4xx_hal_rcc.o
    0x08002364   0x000000c0   Code   RO         2243    i.HAL_RCC_MCOConfig  stm32f4xx_hal_rcc.o
    0x08002424   0x00000410   Code   RO         2245    i.HAL_RCC_OscConfig  stm32f4xx_hal_rcc.o
    0x08002834   0x00000012   Code   RO         4376    i.HAL_RTCEx_BKUPRead  stm32f4xx_hal_rtc_ex.o
    0x08002846   0x00000012   Code   RO         4377    i.HAL_RTCEx_BKUPWrite  stm32f4xx_hal_rtc_ex.o
    0x08002858   0x0000004c   Code   RO         3016    i.HAL_RTC_GetDate   stm32f4xx_hal_rtc.o
    0x080028a4   0x00000060   Code   RO         3018    i.HAL_RTC_GetTime   stm32f4xx_hal_rtc.o
    0x08002904   0x000000d8   Code   RO         3019    i.HAL_RTC_Init      stm32f4xx_hal_rtc.o
    0x080029dc   0x00000018   Code   RO         6058    i.HAL_RTC_MspInit   rtc.o
    0x080029f4   0x00000104   Code   RO         3025    i.HAL_RTC_SetDate   stm32f4xx_hal_rtc.o
    0x08002af8   0x00000134   Code   RO         3026    i.HAL_RTC_SetTime   stm32f4xx_hal_rtc.o
    0x08002c2c   0x0000003a   Code   RO         3027    i.HAL_RTC_WaitForSynchro  stm32f4xx_hal_rtc.o
    0x08002c66   0x0000008c   Code   RO         2552    i.HAL_SPI_Init      stm32f4xx_hal_spi.o
    0x08002cf2   0x00000002   PAD
    0x08002cf4   0x000000ac   Code   RO         6113    i.HAL_SPI_MspInit   spi.o
    0x08002da0   0x000001a6   Code   RO         2560    i.HAL_SPI_Transmit  stm32f4xx_hal_spi.o
    0x08002f46   0x0000021e   Code   RO         2561    i.HAL_SPI_TransmitReceive  stm32f4xx_hal_spi.o
    0x08003164   0x00000058   Code   RO         3153    i.HAL_SRAM_Init     stm32f4xx_hal_sram.o
    0x080031bc   0x0000000a   Code   RO         6199    i.HAL_SRAM_MspInit  fsmc.o
    0x080031c6   0x00000028   Code   RO         4249    i.HAL_SYSTICK_CLKSourceConfig  stm32f4xx_hal_cortex.o
    0x080031ee   0x00000002   Code   RO         4250    i.HAL_SYSTICK_Callback  stm32f4xx_hal_cortex.o
    0x080031f0   0x00000034   Code   RO         4251    i.HAL_SYSTICK_Config  stm32f4xx_hal_cortex.o
    0x08003224   0x00000008   Code   RO         4252    i.HAL_SYSTICK_IRQHandler  stm32f4xx_hal_cortex.o
    0x0800322c   0x00000002   Code   RO         1952    i.HAL_TIMEx_BreakCallback  stm32f4xx_hal_tim_ex.o
    0x0800322e   0x00000002   Code   RO         1953    i.HAL_TIMEx_CommutationCallback  stm32f4xx_hal_tim_ex.o
    0x08003230   0x00000062   Code   RO         1969    i.HAL_TIMEx_MasterConfigSynchronization  stm32f4xx_hal_tim_ex.o
    0x08003292   0x00000034   Code   RO         3271    i.HAL_TIM_Base_Init  stm32f4xx_hal_tim.o
    0x080032c6   0x00000002   PAD
    0x080032c8   0x00000104   Code   RO         5942    i.HAL_TIM_Base_MspInit  tim.o
    0x080033cc   0x0000001e   Code   RO         3276    i.HAL_TIM_Base_Start_IT  stm32f4xx_hal_tim.o
    0x080033ea   0x00000132   Code   RO         3280    i.HAL_TIM_ConfigClockSource  stm32f4xx_hal_tim.o
    0x0800351c   0x00000002   Code   RO         3300    i.HAL_TIM_IC_CaptureCallback  stm32f4xx_hal_tim.o
    0x0800351e   0x00000196   Code   RO         3313    i.HAL_TIM_IRQHandler  stm32f4xx_hal_tim.o
    0x080036b4   0x00000034   Code   RO         5943    i.HAL_TIM_MspPostInit  tim.o
    0x080036e8   0x00000002   Code   RO         3316    i.HAL_TIM_OC_DelayElapsedCallback  stm32f4xx_hal_tim.o
    0x080036ea   0x00000108   Code   RO         3337    i.HAL_TIM_PWM_ConfigChannel  stm32f4xx_hal_tim.o
    0x080037f2   0x00000034   Code   RO         3340    i.HAL_TIM_PWM_Init  stm32f4xx_hal_tim.o
    0x08003826   0x00000002   Code   RO         3342    i.HAL_TIM_PWM_MspInit  stm32f4xx_hal_tim.o
    0x08003828   0x00000002   Code   RO         3343    i.HAL_TIM_PWM_PulseFinishedCallback  stm32f4xx_hal_tim.o
    0x0800382a   0x00000002   PAD
    0x0800382c   0x0000004c   Code   RO         3344    i.HAL_TIM_PWM_Start  stm32f4xx_hal_tim.o
    0x08003878   0x00000088   Code   RO         3347    i.HAL_TIM_PWM_Stop  stm32f4xx_hal_tim.o
    0x08003900   0x00000128   Code   RO         5944    i.HAL_TIM_PeriodElapsedCallback  tim.o
    0x08003a28   0x00000002   Code   RO         3354    i.HAL_TIM_TriggerCallback  stm32f4xx_hal_tim.o
    0x08003a2a   0x00000002   Code   RO         4912    i.HAL_UART_ErrorCallback  stm32f4xx_hal_uart.o
    0x08003a2c   0x0000014c   Code   RO         4915    i.HAL_UART_IRQHandler  stm32f4xx_hal_uart.o
    0x08003b78   0x00000072   Code   RO         4916    i.HAL_UART_Init     stm32f4xx_hal_uart.o
    0x08003bea   0x00000002   PAD
    0x08003bec   0x000002bc   Code   RO         5674    i.HAL_UART_MspInit  usart.o
    0x08003ea8   0x00000064   Code   RO         4921    i.HAL_UART_Receive_IT  stm32f4xx_hal_uart.o
    0x08003f0c   0x00000220   Code   RO         5675    i.HAL_UART_RxCpltCallback  usart.o
    0x0800412c   0x00000058   Code   RO         4926    i.HAL_UART_Transmit_IT  stm32f4xx_hal_uart.o
    0x08004184   0x00000002   Code   RO         5676    i.HAL_UART_TxCpltCallback  usart.o
    0x08004186   0x00000004   Code   RO         5791    i.HardFault_Handler  stm32f4xx_it.o
    0x0800418a   0x00000002   PAD
    0x0800418c   0x0000003c   Code   RO          846    i.I2C1_Ack          touch.o
    0x080041c8   0x0000000e   Code   RO          847    i.I2C1_Delay_us     touch.o
    0x080041d6   0x00000002   PAD
    0x080041d8   0x0000003c   Code   RO          848    i.I2C1_NoAck        touch.o
    0x08004214   0x00000064   Code   RO          849    i.I2C1_Read_Byte    touch.o
    0x08004278   0x00000074   Code   RO          850    i.I2C1_Send_Byte    touch.o
    0x080042ec   0x0000003c   Code   RO          851    i.I2C1_Start        touch.o
    0x08004328   0x0000003c   Code   RO          852    i.I2C1_Stop         touch.o
    0x08004364   0x00000060   Code   RO          853    i.I2C1_WaitAck      touch.o
    0x080043c4   0x00000040   Code   RO           15    i.I2C2_Ack          dht12.o
    0x08004404   0x0000000c   Code   RO           16    i.I2C2_Delay_us     dht12.o
    0x08004410   0x00000040   Code   RO           17    i.I2C2_NoAck        dht12.o
    0x08004450   0x00000070   Code   RO           18    i.I2C2_Read_Byte    dht12.o
    0x080044c0   0x00000002   Code   RO           19    i.I2C2_SDA_In       dht12.o
    0x080044c2   0x00000002   Code   RO           20    i.I2C2_SDA_Out      dht12.o
    0x080044c4   0x0000007c   Code   RO           21    i.I2C2_Send_Byte    dht12.o
    0x08004540   0x00000040   Code   RO           22    i.I2C2_Start        dht12.o
    0x08004580   0x00000040   Code   RO           23    i.I2C2_Stop         dht12.o
    0x080045c0   0x00000078   Code   RO           24    i.I2C2_WaitAck      dht12.o
    0x08004638   0x00000010   Code   RO         6160    i.IWDG_feed         iwdg.o
    0x08004648   0x0000009c   Code   RO          523    i.LCD_CTRL_GPIO_Init  lcd_drive.o
    0x080046e4   0x0000004a   Code   RO          639    i.LCD_DigHex_U8_Asc24  tftdisp.o
    0x0800472e   0x00000002   PAD
    0x08004730   0x00000028   Code   RO          524    i.LCD_Rst           lcd_drive.o
    0x08004758   0x0000002a   Code   RO          525    i.LCD_delay         lcd_drive.o
    0x08004782   0x00000002   PAD
    0x08004784   0x00000380   Code   RO          526    i.LCD_init          lcd_drive.o
    0x08004b04   0x000000a0   Code   RO          611    i.LED_GPIO_init     led.o
    0x08004ba4   0x0000003c   Code   RO          527    i.Lcd_Clear_All     lcd_drive.o
    0x08004be0   0x00000084   Code   RO          528    i.Lcd_Clear_Some_Area  lcd_drive.o
    0x08004c64   0x00000028   Code   RO          529    i.Lcd_Clear_Some_Area_sim  lcd_drive.o
    0x08004c8c   0x00000072   Code   RO          530    i.Lcd_Set_Region    lcd_drive.o
    0x08004cfe   0x00000032   Code   RO          531    i.Lcd_Set_XY        lcd_drive.o
    0x08004d30   0x0000007c   Code   RO         5577    i.MX_ADC1_Init      adc.o
    0x08004dac   0x00000034   Code   RO         6017    i.MX_CRC_Init       crc.o
    0x08004de0   0x000000a8   Code   RO         5625    i.MX_DMA_Init       dma.o
    0x08004e88   0x00000088   Code   RO         6200    i.MX_FSMC_Init      fsmc.o
    0x08004f10   0x000001d8   Code   RO         5547    i.MX_GPIO_Init      gpio.o
    0x080050e8   0x00000094   Code   RO         6059    i.MX_RTC_Init       rtc.o
    0x0800517c   0x00000058   Code   RO         6114    i.MX_SPI1_Init      spi.o
    0x080051d4   0x0000005c   Code   RO         6115    i.MX_SPI2_Init      spi.o
    0x08005230   0x000000b4   Code   RO         5945    i.MX_TIM4_Init      tim.o
    0x080052e4   0x0000007c   Code   RO         5946    i.MX_TIM5_Init      tim.o
    0x08005360   0x00000058   Code   RO         5947    i.MX_TIM7_Init      tim.o
    0x080053b8   0x0000004c   Code   RO         5677    i.MX_UART4_Init     usart.o
    0x08005404   0x0000004c   Code   RO         5678    i.MX_USART2_UART_Init  usart.o
    0x08005450   0x0000004c   Code   RO         5679    i.MX_USART3_UART_Init  usart.o
    0x0800549c   0x0000004c   Code   RO         5680    i.MX_USART6_UART_Init  usart.o
    0x080054e8   0x00000004   Code   RO         5792    i.MemManage_Handler  stm32f4xx_it.o
    0x080054ec   0x00000002   Code   RO         5793    i.NMI_Handler       stm32f4xx_it.o
    0x080054ee   0x00000002   PAD
    0x080054f0   0x00000068   Code   RO         1226    i.NRF24_Check       nrf24l0.o
    0x08005558   0x00000048   Code   RO         1227    i.NRF24_Read_Buffer  nrf24l0.o
    0x080055a0   0x00000034   Code   RO         1228    i.NRF24_Read_Packet  nrf24l0.o
    0x080055d4   0x00000034   Code   RO         1229    i.NRF24_Read_Reg    nrf24l0.o
    0x08005608   0x0000005c   Code   RO         1230    i.NRF24_RxMode      nrf24l0.o
    0x08005664   0x00000020   Code   RO         1231    i.NRF24_SPI2_WRByte  nrf24l0.o
    0x08005684   0x00000064   Code   RO         1232    i.NRF24_TxMode      nrf24l0.o
    0x080056e8   0x00000048   Code   RO         1233    i.NRF24_Write_Buffer  nrf24l0.o
    0x08005730   0x00000070   Code   RO         1234    i.NRF24_Write_Packet  nrf24l0.o
    0x080057a0   0x00000034   Code   RO         1235    i.NRF24_Write_Reg   nrf24l0.o
    0x080057d4   0x00000020   Code   RO         1236    i.NRF24_init        nrf24l0.o
    0x080057f4   0x00000048   Code   RO         1239    i.NRF24_rec_mess    nrf24l0.o
    0x0800583c   0x00000044   Code   RO         1240    i.NRF24_send_cmd    nrf24l0.o
    0x08005880   0x00000010   Code   RO         4253    i.NVIC_GetPriorityGrouping  stm32f4xx_hal_cortex.o
    0x08005890   0x00000028   Code   RO         4254    i.NVIC_SetPriority  stm32f4xx_hal_cortex.o
    0x080058b8   0x00000002   Code   RO         5794    i.PendSV_Handler    stm32f4xx_it.o
    0x080058ba   0x00000016   Code   RO         3028    i.RTC_Bcd2ToByte    stm32f4xx_hal_rtc.o
    0x080058d0   0x0000001a   Code   RO         3029    i.RTC_ByteToBcd2    stm32f4xx_hal_rtc.o
    0x080058ea   0x0000003e   Code   RO         3030    i.RTC_EnterInitMode  stm32f4xx_hal_rtc.o
    0x08005928   0x00000190   Code   RO          854    i.ReadCTP           touch.o
    0x08005ab8   0x0000005c   Code   RO         6060    i.ReadRTCTime       rtc.o
    0x08005b14   0x00000010   Code   RO         1640    i.Read_Inf          sensor.o
    0x08005b24   0x00000028   Code   RO         2576    i.SPI_CheckFlag_BSY  stm32f4xx_hal_spi.o
    0x08005b4c   0x000000aa   Code   RO         2594    i.SPI_WaitFlagStateUntilTimeout  stm32f4xx_hal_spi.o
    0x08005bf6   0x00000002   Code   RO         5795    i.SVC_Handler       stm32f4xx_it.o
    0x08005bf8   0x00000070   Code   RO         6061    i.SetRTCTime_Test   rtc.o
    0x08005c68   0x0000000c   Code   RO         5796    i.SysTick_Handler   stm32f4xx_it.o
    0x08005c74   0x00000110   Code   RO         6249    i.SystemClock_Config  main.o
    0x08005d84   0x00000064   Code   RO         5511    i.SystemInit        system_stm32f4xx.o
    0x08005de8   0x00000010   Code   RO         5797    i.TIM4_IRQHandler   stm32f4xx_it.o
    0x08005df8   0x00000010   Code   RO         5798    i.TIM5_IRQHandler   stm32f4xx_it.o
    0x08005e08   0x00000010   Code   RO         5799    i.TIM7_IRQHandler   stm32f4xx_it.o
    0x08005e18   0x000000e4   Code   RO         3355    i.TIM_Base_SetConfig  stm32f4xx_hal_tim.o
    0x08005efc   0x0000001c   Code   RO         3356    i.TIM_CCxChannelCmd  stm32f4xx_hal_tim.o
    0x08005f18   0x00000018   Code   RO         3362    i.TIM_ETR_SetConfig  stm32f4xx_hal_tim.o
    0x08005f30   0x00000014   Code   RO         3363    i.TIM_ITRx_SetConfig  stm32f4xx_hal_tim.o
    0x08005f44   0x00000070   Code   RO         3364    i.TIM_OC1_SetConfig  stm32f4xx_hal_tim.o
    0x08005fb4   0x00000078   Code   RO         3365    i.TIM_OC2_SetConfig  stm32f4xx_hal_tim.o
    0x0800602c   0x00000078   Code   RO         3366    i.TIM_OC3_SetConfig  stm32f4xx_hal_tim.o
    0x080060a4   0x00000060   Code   RO         3367    i.TIM_OC4_SetConfig  stm32f4xx_hal_tim.o
    0x08006104   0x0000002a   Code   RO         3369    i.TIM_TI1_ConfigInputStage  stm32f4xx_hal_tim.o
    0x0800612e   0x0000002c   Code   RO         3371    i.TIM_TI2_ConfigInputStage  stm32f4xx_hal_tim.o
    0x0800615a   0x00000002   PAD
    0x0800615c   0x00000010   Code   RO         5800    i.UART4_IRQHandler  stm32f4xx_it.o
    0x0800616c   0x00000014   Code   RO         4929    i.UART_DMAAbortOnError  stm32f4xx_hal_uart.o
    0x08006180   0x00000020   Code   RO         4939    i.UART_EndRxTransfer  stm32f4xx_hal_uart.o
    0x080061a0   0x00000020   Code   RO         4940    i.UART_EndTransmit_IT  stm32f4xx_hal_uart.o
    0x080061c0   0x0000009a   Code   RO         4942    i.UART_Receive_IT   stm32f4xx_hal_uart.o
    0x0800625a   0x00000002   PAD
    0x0800625c   0x00000368   Code   RO         4943    i.UART_SetConfig    stm32f4xx_hal_uart.o
    0x080065c4   0x00000068   Code   RO         4944    i.UART_Transmit_IT  stm32f4xx_hal_uart.o
    0x0800662c   0x00000040   Code   RO         5681    i.UDebug_Send_String  usart.o
    0x0800666c   0x00000010   Code   RO         5801    i.USART2_IRQHandler  stm32f4xx_it.o
    0x0800667c   0x00000010   Code   RO         5802    i.USART3_IRQHandler  stm32f4xx_it.o
    0x0800668c   0x00000010   Code   RO         5803    i.USART6_IRQHandler  stm32f4xx_it.o
    0x0800669c   0x00000040   Code   RO         5682    i.UWifi_Send_String  usart.o
    0x080066dc   0x00000038   Code   RO         5683    i.UWifi_Send_String_mess  usart.o
    0x08006714   0x00000028   Code   RO         5684    i.Uart_sensor_init  usart.o
    0x0800673c   0x00000004   Code   RO         5804    i.UsageFault_Handler  stm32f4xx_it.o
    0x08006740   0x0000005c   Code   RO          953    i.W25Q64_Erase_Sector  w25q64.o
    0x0800679c   0x00000060   Code   RO          955    i.W25Q64_Read       w25q64.o
    0x080067fc   0x0000003c   Code   RO          957    i.W25Q64_ReadSR     w25q64.o
    0x08006838   0x00000012   Code   RO          959    i.W25Q64_Wait_Busy  w25q64.o
    0x0800684a   0x00000002   PAD
    0x0800684c   0x000000b4   Code   RO          960    i.W25Q64_Write      w25q64.o
    0x08006900   0x00000038   Code   RO          962    i.W25Q64_Write_Enable  w25q64.o
    0x08006938   0x00000046   Code   RO          963    i.W25Q64_Write_NoCheck  w25q64.o
    0x0800697e   0x00000002   PAD
    0x08006980   0x00000064   Code   RO          964    i.W25Q64_Write_Page  w25q64.o
    0x080069e4   0x00000008   Code   RO          532    i.WriteComm         lcd_drive.o
    0x080069ec   0x0000000c   Code   RO          533    i.WriteData         lcd_drive.o
    0x080069f8   0x00000004   Code   RO         6250    i._Error_Handler    main.o
    0x080069fc   0x00000020   Code   RO         6422    i.__0printf$3       mc_w.l(printf3.o)
    0x08006a1c   0x00000028   Code   RO         6424    i.__0sprintf$3      mc_w.l(printf3.o)
    0x08006a44   0x0000000e   Code   RO         6634    i.__scatterload_copy  mc_w.l(handlers.o)
    0x08006a52   0x00000002   Code   RO         6635    i.__scatterload_null  mc_w.l(handlers.o)
    0x08006a54   0x0000000e   Code   RO         6636    i.__scatterload_zeroinit  mc_w.l(handlers.o)
    0x08006a62   0x00000002   PAD
    0x08006a64   0x000001b8   Code   RO         6429    i._printf_core      mc_w.l(printf3.o)
    0x08006c1c   0x0000000a   Code   RO         6431    i._sputc            mc_w.l(printf3.o)
    0x08006c26   0x0000006c   Code   RO         1716    i.buttom_event_ctl  window.o
    0x08006c92   0x00000002   PAD
    0x08006c94   0x00000040   Code   RO         5948    i.buzzer_pwm_config  tim.o
    0x08006cd4   0x00000028   Code   RO         1641    i.ch4_avg           sensor.o
    0x08006cfc   0x00000064   Code   RO         1642    i.ch4_sensor_onoff  sensor.o
    0x08006d60   0x00000054   Code   RO         1643    i.cho_avg           sensor.o
    0x08006db4   0x00000014   Code   RO         5685    i.flush_Buffer      usart.o
    0x08006dc8   0x0000001c   Code   RO         5686    i.fputc             usart.o
    0x08006de4   0x00000030   Code   RO          308    i.gui_draw_a_16_Ascii  gui.o
    0x08006e14   0x00000044   Code   RO          309    i.gui_draw_a_16_str  gui.o
    0x08006e58   0x00000030   Code   RO          310    i.gui_draw_a_Ascii  gui.o
    0x08006e88   0x0000005c   Code   RO          311    i.gui_draw_a_icon_str  gui.o
    0x08006ee4   0x00000044   Code   RO          312    i.gui_draw_a_str    gui.o
    0x08006f28   0x0000004c   Code   RO          313    i.gui_draw_a_title_str  gui.o
    0x08006f74   0x00000046   Code   RO          856    i.is_touch_area     touch.o
    0x08006fba   0x00000002   PAD
    0x08006fbc   0x00000668   Code   RO         6251    i.main              main.o
    0x08007624   0x00000088   Code   RO         1644    i.pm25_avg          sensor.o
    0x080076ac   0x00000020   Code   RO         1750    i.read_Wifi_Config  config.o
    0x080076cc   0x00000026   Code   RO          316    i.rgb8882565        gui.o
    0x080076f2   0x00000002   PAD
    0x080076f4   0x000000b4   Code   RO         1645    i.sensor_data_proc  sensor.o
    0x080077a8   0x00000020   Code   RO         1647    i.sensor_init       sensor.o
    0x080077c8   0x00000130   Code   RO          648    i.tftDisp_AllDataTime  tftdisp.o
    0x080078f8   0x000002e8   Code   RO          650    i.tftDisp_Main      tftdisp.o
    0x08007be0   0x000002fc   Code   RO          651    i.tftDisp_SensorData  tftdisp.o
    0x08007edc   0x00000124   Code   RO          654    i.tftDisp_about     tftdisp.o
    0x08008000   0x000000a0   Code   RO          655    i.tftDisp_alarm     tftdisp.o
    0x080080a0   0x00000038   Code   RO          657    i.tftDisp_btn_init  tftdisp.o
    0x080080d8   0x0000004c   Code   RO          659    i.tftDisp_demo      tftdisp.o
    0x08008124   0x0000012c   Code   RO          661    i.tftDisp_fresh     tftdisp.o
    0x08008250   0x000000bc   Code   RO          662    i.tftDisp_menu_l    tftdisp.o
    0x0800830c   0x00000068   Code   RO          663    i.tftDisp_mess      tftdisp.o
    0x08008374   0x000000a8   Code   RO          664    i.tftDisp_welcome   tftdisp.o
    0x0800841c   0x00000070   Code   RO          665    i.tftDisp_wifi_flag  tftdisp.o
    0x0800848c   0x0000013e   Code   RO         1717    i.window_ctl        window.o
    0x080085ca   0x00000020   Code   RO         1751    i.write_Wifi_Config  config.o
    0x080085ea   0x0000000a   Data   RO         1241    .constdata          nrf24l0.o
    0x080085f4   0x0000b468   Data   RO         1549    .constdata          pic_buffer.o
    0x08013a5c   0x00000008   Data   RO         1795    .constdata          stm32f4xx_hal_dma.o
    0x08013a64   0x00000018   Data   RO         5512    .constdata          system_stm32f4xx.o
    0x08013a7c   0x00000020   Data   RO         6632    Region$$Table       anon$$obj.o


    Execution Region RW_IRAM1 (Base: 0x20000000, Size: 0x00001cd8, Max: 0x00020000, ABSOLUTE)

    Base Addr    Size         Type   Attr      Idx    E Section Name        Object

    0x20000000   0x0000006c   Data   RW         1550    .data               pic_buffer.o
    0x2000006c   0x00000001   Data   RW         1648    .data               sensor.o
    0x2000006d   0x00000003   PAD
    0x20000070   0x00000004   Data   RW         2880    .data               stm32f4xx_hal.o
    0x20000074   0x00000004   Data   RW         5513    .data               system_stm32f4xx.o
    0x20000078   0x00000005   Data   RW         5688    .data               usart.o
    0x2000007d   0x00000005   Data   RW         5950    .data               tim.o
    0x20000082   0x00000002   PAD
    0x20000084   0x00000008   Data   RW         6018    .data               crc.o
    0x2000008c   0x00000004   Data   RW         6063    .data               rtc.o
    0x20000090   0x00000008   Data   RW         6202    .data               fsmc.o
    0x20000098   0x0000000e   Data   RW         6253    .data               main.o
    0x200000a6   0x00000002   PAD
    0x200000a8   0x00000004   Data   RW         6608    .data               mc_w.l(stdout.o)
    0x200000ac   0x0000000c   Zero   RW          857    .bss                touch.o
    0x200000b8   0x00001000   Zero   RW          967    .bss                w25q64.o
    0x200010b8   0x000000a8   Zero   RW         5578    .bss                adc.o
    0x20001160   0x00000280   Zero   RW         5687    .bss                usart.o
    0x200013e0   0x000000b4   Zero   RW         5949    .bss                tim.o
    0x20001494   0x00000034   Zero   RW         6062    .bss                rtc.o
    0x200014c8   0x000000b0   Zero   RW         6116    .bss                spi.o
    0x20001578   0x0000000c   Zero   RW         6162    .bss                iwdg.o
    0x20001584   0x00000050   Zero   RW         6201    .bss                fsmc.o
    0x200015d4   0x00000302   Zero   RW         6252    .bss                main.o
    0x200018d6   0x00000002   PAD
    0x200018d8   0x00000400   Zero   RW            1    STACK               startup_stm32f407xx.o


==============================================================================

Image component sizes


      Code (inc. data)   RO Data    RW Data    ZI Data      Debug   Object Name

       308         64          0          0        168       1863   adc.o
        92          0          0          0          0       1466   common.o
        64          0          0          0          0       1587   config.o
       104         34          0          8          0       1555   crc.o
      1012         50          0          0          0     755908   dht12.o
       168          6          0          0          0        874   dma.o
      1604        510          0          0          0       8210   esp8266.o
       278         40          0          8         80       2367   fsmc.o
       472         30          0          0          0       1211   gpio.o
      1186         44          0          0          0      11049   gui.o
        16          6          0          0         12        700   iwdg.o
      1550         36          0          0          0       8174   lcd_drive.o
       160         10          0          0          0        980   led.o
      1916        306          0         14        770      10870   main.o
      1068        150         10          0          0       9747   nrf24l0.o
         0          0      46184        108          0       1432   pic_buffer.o
       376         66          0          4         52       3315   rtc.o
       588         66          0          1          0       4098   sensor.o
       352         68          0          0        176       2342   spi.o
        36          8        392          0       1024        852   startup_stm32f407xx.o
       128         20          0          4          0       3951   stm32f4xx_hal.o
      1112         46          0          0          0       4362   stm32f4xx_hal_adc.o
       348         22          0          0          0      32881   stm32f4xx_hal_cortex.o
        36          0          0          0          0       1091   stm32f4xx_hal_crc.o
      1074         16          8          0          0       4707   stm32f4xx_hal_dma.o
       576         50          0          0          0       4395   stm32f4xx_hal_gpio.o
        14          0          0          0          0       1055   stm32f4xx_hal_iwdg.o
        86          0          0          0          0        538   stm32f4xx_hal_msp.o
      1868         88          0          0          0       6564   stm32f4xx_hal_rcc.o
       416         20          0          0          0       1452   stm32f4xx_hal_rcc_ex.o
      1124         22          0          0          0       7590   stm32f4xx_hal_rtc.o
        36          0          0          0          0       1851   stm32f4xx_hal_rtc_ex.o
      1314          0          0          0          0       5700   stm32f4xx_hal_spi.o
        88          0          0          0          0       1256   stm32f4xx_hal_sram.o
      2166         98          0          0          0      17299   stm32f4xx_hal_tim.o
       102          0          0          0          0       2442   stm32f4xx_hal_tim_ex.o
      1850         14          0          0          0       8536   stm32f4xx_hal_uart.o
       238         72          0          0          0      11084   stm32f4xx_it.o
       232         10          0          0          0       2827   stm32f4xx_ll_fsmc.o
       100         18         24          4          0       1235   system_stm32f4xx.o
      3406        244          0          0          0       9723   tftdisp.o
      1064        168          0          5        180       5475   tim.o
      1226         44          0          0         12       8285   touch.o
      1822        346          0          5        640       9914   usart.o
       672         46          0          0       4096       6551   w25q64.o
       426          0          0          0          0       1783   window.o

    ----------------------------------------------------------------------
     32916       2838      46650        168       7212     991147   Object Totals
         0          0         32          0          0          0   (incl. Generated)
        42          0          0          7          2          0   (incl. Padding)

    ----------------------------------------------------------------------

      Code (inc. data)   RO Data    RW Data    ZI Data      Debug   Library Member Name

         0          0          0          0          0          0   entry.o
         0          0          0          0          0          0   entry10a.o
         0          0          0          0          0          0   entry11a.o
         8          4          0          0          0          0   entry2.o
         4          0          0          0          0          0   entry5.o
         0          0          0          0          0          0   entry7b.o
         0          0          0          0          0          0   entry8b.o
         8          4          0          0          0          0   entry9a.o
        30          0          0          0          0          0   handlers.o
        36          8          0          0          0         68   init.o
        30          0          0          0          0         68   llshl.o
        32          0          0          0          0         68   llushr.o
        36          0          0          0          0         68   memcpya.o
        36          0          0          0          0        108   memseta.o
       522         20          0          0          0        336   printf3.o
         0          0          0          4          0          0   stdout.o
        20          0          0          0          0         68   strchr.o
        18          0          0          0          0         68   strcpy.o
        14          0          0          0          0         68   strlen.o
        36          0          0          0          0         80   strstr.o
        44          0          0          0          0         80   uidiv.o
        98          0          0          0          0         92   uldiv.o

    ----------------------------------------------------------------------
       974         36          0          4          0       1172   Library Totals
         2          0          0          0          0          0   (incl. Padding)

    ----------------------------------------------------------------------

      Code (inc. data)   RO Data    RW Data    ZI Data      Debug   Library Name

       972         36          0          4          0       1172   mc_w.l

    ----------------------------------------------------------------------
       974         36          0          4          0       1172   Library Totals

    ----------------------------------------------------------------------

==============================================================================


      Code (inc. data)   RO Data    RW Data    ZI Data      Debug   

     33890       2874      46650        172       7212     965851   Grand Totals
     33890       2874      46650        172       7212     965851   ELF Image Totals
     33890       2874      46650        172          0          0   ROM Totals

==============================================================================

    Total RO  Size (Code + RO Data)                80540 (  78.65kB)
    Total RW  Size (RW Data + ZI Data)              7384 (   7.21kB)
    Total ROM Size (Code + RO Data + RW Data)      80712 (  78.82kB)

==============================================================================

